Archive member included to satisfy reference by file (symbol)

c:/vsarm/armcc/112202~1.02/bin/../lib/gcc/arm-none-eabi/11.2.1/thumb/v6-m/nofp\libstdc++.a(string-inst.o)
                              CMakeFiles/picokey_serial_device.dir/main.cpp.obj (_ZNSt7__cxx1112basic_stringIcSt11char_traitsIcESaIcEE10_M_disposeEv)
c:/vsarm/armcc/112202~1.02/bin/../lib/gcc/arm-none-eabi/11.2.1/thumb/v6-m/nofp\libstdc++.a(eh_arm.o)
                              c:/vsarm/armcc/112202~1.02/bin/../lib/gcc/arm-none-eabi/11.2.1/thumb/v6-m/nofp\libstdc++.a(string-inst.o) (__cxa_end_cleanup)
c:/vsarm/armcc/112202~1.02/bin/../lib/gcc/arm-none-eabi/11.2.1/thumb/v6-m/nofp\libstdc++.a(eh_catch.o)
                              c:/vsarm/armcc/112202~1.02/bin/../lib/gcc/arm-none-eabi/11.2.1/thumb/v6-m/nofp\libstdc++.a(string-inst.o) (__cxa_begin_catch)
c:/vsarm/armcc/112202~1.02/bin/../lib/gcc/arm-none-eabi/11.2.1/thumb/v6-m/nofp\libstdc++.a(eh_exception.o)
                              c:/vsarm/armcc/112202~1.02/bin/../lib/gcc/arm-none-eabi/11.2.1/thumb/v6-m/nofp\libstdc++.a(string-inst.o) (_ZTIN10__cxxabiv115__forced_unwindE)
c:/vsarm/armcc/112202~1.02/bin/../lib/gcc/arm-none-eabi/11.2.1/thumb/v6-m/nofp\libstdc++.a(eh_globals.o)
                              c:/vsarm/armcc/112202~1.02/bin/../lib/gcc/arm-none-eabi/11.2.1/thumb/v6-m/nofp\libstdc++.a(eh_catch.o) (__cxa_get_globals_fast)
c:/vsarm/armcc/112202~1.02/bin/../lib/gcc/arm-none-eabi/11.2.1/thumb/v6-m/nofp\libstdc++.a(eh_personality.o)
                              c:/vsarm/armcc/112202~1.02/bin/../lib/gcc/arm-none-eabi/11.2.1/thumb/v6-m/nofp\libstdc++.a(string-inst.o) (__gxx_personality_v0)
c:/vsarm/armcc/112202~1.02/bin/../lib/gcc/arm-none-eabi/11.2.1/thumb/v6-m/nofp\libstdc++.a(eh_terminate.o)
                              c:/vsarm/armcc/112202~1.02/bin/../lib/gcc/arm-none-eabi/11.2.1/thumb/v6-m/nofp\libstdc++.a(eh_arm.o) (_ZSt9terminatev)
c:/vsarm/armcc/112202~1.02/bin/../lib/gcc/arm-none-eabi/11.2.1/thumb/v6-m/nofp\libstdc++.a(eh_throw.o)
                              c:/vsarm/armcc/112202~1.02/bin/../lib/gcc/arm-none-eabi/11.2.1/thumb/v6-m/nofp\libstdc++.a(string-inst.o) (__cxa_rethrow)
c:/vsarm/armcc/112202~1.02/bin/../lib/gcc/arm-none-eabi/11.2.1/thumb/v6-m/nofp\libstdc++.a(eh_unex_handler.o)
                              c:/vsarm/armcc/112202~1.02/bin/../lib/gcc/arm-none-eabi/11.2.1/thumb/v6-m/nofp\libstdc++.a(eh_terminate.o) (_ZN10__cxxabiv120__unexpected_handlerE)
c:/vsarm/armcc/112202~1.02/bin/../lib/gcc/arm-none-eabi/11.2.1/thumb/v6-m/nofp\libstdc++.a(si_class_type_info.o)
                              c:/vsarm/armcc/112202~1.02/bin/../lib/gcc/arm-none-eabi/11.2.1/thumb/v6-m/nofp\libstdc++.a(eh_exception.o) (_ZTVN10__cxxabiv120__si_class_type_infoE)
c:/vsarm/armcc/112202~1.02/bin/../lib/gcc/arm-none-eabi/11.2.1/thumb/v6-m/nofp\libstdc++.a(tinfo.o)
                              c:/vsarm/armcc/112202~1.02/bin/../lib/gcc/arm-none-eabi/11.2.1/thumb/v6-m/nofp\libstdc++.a(si_class_type_info.o) (_ZNKSt9type_info14__is_pointer_pEv)
c:/vsarm/armcc/112202~1.02/bin/../lib/gcc/arm-none-eabi/11.2.1/thumb/v6-m/nofp\libstdc++.a(vterminate.o)
                              c:/vsarm/armcc/112202~1.02/bin/../lib/gcc/arm-none-eabi/11.2.1/thumb/v6-m/nofp\libstdc++.a(eh_terminate.o) (_ZN9__gnu_cxx27__verbose_terminate_handlerEv)
c:/vsarm/armcc/112202~1.02/bin/../lib/gcc/arm-none-eabi/11.2.1/thumb/v6-m/nofp\libstdc++.a(functexcept.o)
                              c:/vsarm/armcc/112202~1.02/bin/../lib/gcc/arm-none-eabi/11.2.1/thumb/v6-m/nofp\libstdc++.a(string-inst.o) (_ZSt17__throw_bad_allocv)
c:/vsarm/armcc/112202~1.02/bin/../lib/gcc/arm-none-eabi/11.2.1/thumb/v6-m/nofp\libstdc++.a(snprintf_lite.o)
                              c:/vsarm/armcc/112202~1.02/bin/../lib/gcc/arm-none-eabi/11.2.1/thumb/v6-m/nofp\libstdc++.a(functexcept.o) (_ZN9__gnu_cxx15__snprintf_liteEPcjPKcSt9__va_list)
c:/vsarm/armcc/112202~1.02/bin/../lib/gcc/arm-none-eabi/11.2.1/thumb/v6-m/nofp\libstdc++.a(bad_alloc.o)
                              c:/vsarm/armcc/112202~1.02/bin/../lib/gcc/arm-none-eabi/11.2.1/thumb/v6-m/nofp\libstdc++.a(functexcept.o) (_ZNSt9bad_allocD1Ev)
c:/vsarm/armcc/112202~1.02/bin/../lib/gcc/arm-none-eabi/11.2.1/thumb/v6-m/nofp\libstdc++.a(bad_array_new.o)
                              c:/vsarm/armcc/112202~1.02/bin/../lib/gcc/arm-none-eabi/11.2.1/thumb/v6-m/nofp\libstdc++.a(functexcept.o) (_ZNSt20bad_array_new_lengthD1Ev)
c:/vsarm/armcc/112202~1.02/bin/../lib/gcc/arm-none-eabi/11.2.1/thumb/v6-m/nofp\libstdc++.a(bad_cast.o)
                              c:/vsarm/armcc/112202~1.02/bin/../lib/gcc/arm-none-eabi/11.2.1/thumb/v6-m/nofp\libstdc++.a(functexcept.o) (_ZNSt8bad_castD1Ev)
c:/vsarm/armcc/112202~1.02/bin/../lib/gcc/arm-none-eabi/11.2.1/thumb/v6-m/nofp\libstdc++.a(bad_typeid.o)
                              c:/vsarm/armcc/112202~1.02/bin/../lib/gcc/arm-none-eabi/11.2.1/thumb/v6-m/nofp\libstdc++.a(functexcept.o) (_ZNSt10bad_typeidD1Ev)
[...]
Memory Configuration

Name             Origin             Length             Attributes
FLASH            0x10000000         0x00200000         xr
RAM              0x20000000         0x00040000         xrw
SCRATCH_X        0x20040000         0x00001000         xrw
SCRATCH_Y        0x20041000         0x00001000         xrw
*default*        0x00000000         0xffffffff

Linker script and memory map

LOAD c:/vsarm/armcc/112202~1.02/bin/../lib/gcc/arm-none-eabi/11.2.1/thumb/v6-m/nofp/crti.o
LOAD c:/vsarm/armcc/112202~1.02/bin/../lib/gcc/arm-none-eabi/11.2.1/thumb/v6-m/nofp/crtbegin.o
LOAD c:/vsarm/armcc/112202~1.02/bin/../lib/gcc/arm-none-eabi/11.2.1/thumb/v6-m/nofp/crt0.o

.flash_begin    0x10000000        0x0
                0x10000000                __flash_binary_start = .

.boot2          0x10000000      0x100
                0x10000000                __boot2_start__ = .
 *(.boot2)
 .boot2         0x10000000      0x100 C:\Users\hahnc\AppData\Local\Temp\ccIUerLJ.o
                0x10000100                __boot2_end__ = .
                0x00000001                ASSERT (((__boot2_end__ - __boot2_start__) == 0x100), ERROR: Pico second stage bootloader must be 256 bytes in size)

.text           0x10000100     0xddd0
                0x10000100                __logical_binary_start = .
 *(.vectors)
 .vectors       0x10000100       0xd4 CMakeFiles/picokey_serial_device.dir/C_/VSARM/sdk/pico/pico-sdk/src/rp2_common/pico_standard_link/crt0.S.obj
                0x10000100                __VECTOR_TABLE
                0x10000100                __vectors
                0x100001c0                isr_invalid
                0x100001c0                __default_isrs_start
                0x100001c2                isr_nmi
                0x100001c4                isr_hardfault
                0x100001c6                isr_svcall
                0x100001c8                isr_pendsv
                0x100001ca                isr_systick
                0x100001cc                isr_irq23
                0x100001cc                isr_irq18
                0x100001cc                isr_irq11
                0x100001cc                isr_irq28
                0x100001cc                isr_irq19
                0x100001cc                isr_irq0
                0x100001cc                isr_irq6
                0x100001cc                isr_irq5
                0x100001cc                isr_irq12
                0x100001cc                isr_irq22
                0x100001cc                isr_irq31
                0x100001cc                isr_irq17
                0x100001cc                isr_irq27
                0x100001cc                isr_irq30
                0x100001cc                isr_irq2
                0x100001cc                isr_irq10
                0x100001cc                isr_irq8
                0x100001cc                isr_irq24
                0x100001cc                isr_irq1
                0x100001cc                isr_irq7
                0x100001cc                isr_irq21
                0x100001cc                isr_irq20
                0x100001cc                isr_irq15
                0x100001cc                isr_irq25
                0x100001cc                isr_irq13
                0x100001cc                __unhandled_user_irq
                0x100001cc                isr_irq4
                0x100001cc                isr_irq16
                0x100001cc                isr_irq29
                0x100001cc                isr_irq26
                0x100001cc                __default_isrs_end
                0x100001cc                isr_irq3
                0x100001cc                isr_irq14
                0x100001cc                isr_irq9
                0x100001d2                unhandled_user_irq_num_in_r0
 *(.binary_info_header)
 .binary_info_header
                0x100001d4       0x14 CMakeFiles/picokey_serial_device.dir/C_/VSARM/sdk/pico/pico-sdk/src/rp2_common/pico_standard_link/crt0.S.obj
                0x100001e8                __binary_info_header_end = .
 *(.reset)
 .reset         0x100001e8       0xa8 CMakeFiles/picokey_serial_device.dir/C_/VSARM/sdk/pico/pico-sdk/src/rp2_common/pico_standard_link/crt0.S.obj
                0x100001e8                _entry_point
                0x10000266                __get_current_exception
 .reset         0x10000290       0x30 CMakeFiles/picokey_serial_device.dir/C_/VSARM/sdk/pico/pico-sdk/src/rp2_common/pico_standard_link/binary_info.c.obj
 *(.init)
 .init          0x100002c0        0x4 c:/vsarm/armcc/112202~1.02/bin/../lib/gcc/arm-none-eabi/11.2.1/thumb/v6-m/nofp/crti.o
                0x100002c0                _init
 *(EXCLUDE_FILE(*libm.a: *libc.a:*lib_a-mem*.o *libgcc.a:) .text*)
 .text.register_tm_clones
                0x100002c4       0x28 c:/vsarm/armcc/112202~1.02/bin/../lib/gcc/arm-none-eabi/11.2.1/thumb/v6-m/nofp/crtbegin.o
 .text.frame_dummy
                0x100002ec       0x24 c:/vsarm/armcc/112202~1.02/bin/../lib/gcc/arm-none-eabi/11.2.1/thumb/v6-m/nofp/crtbegin.o
 .text._ZNSt8__detail18__to_chars_10_implIjEEvPcjT_
                0x10000310       0x50 CMakeFiles/picokey_serial_device.dir/main.cpp.obj
                0x10000310                _ZNSt8__detail18__to_chars_10_implIjEEvPcjT_
 .text.main     0x10000360       0xac CMakeFiles/picokey_serial_device.dir/main.cpp.obj
                0x10000360                main
 .text.gpio_set_function
                0x1000040c       0x30 CMakeFiles/picokey_serial_device.dir/C_/VSARM/sdk/pico/pico-sdk/src/rp2_common/hardware_gpio/gpio.c.obj
                0x1000040c                gpio_set_function
 .text.hw_claim_lock
                0x1000043c       0x18 CMakeFiles/picokey_serial_device.dir/C_/VSARM/sdk/pico/pico-sdk/src/rp2_common/hardware_claim/claim.c.obj
                0x1000043c                hw_claim_lock
 .text.hw_claim_unlock
                0x10000454       0x14 CMakeFiles/picokey_serial_device.dir/C_/VSARM/sdk/pico/pico-sdk/src/rp2_common/hardware_claim/claim.c.obj
                0x10000454                hw_claim_unlock
 .text.hw_claim_or_assert
                0x10000468       0x32 CMakeFiles/picokey_serial_device.dir/C_/VSARM/sdk/pico/pico-sdk/src/rp2_common/hardware_claim/claim.c.obj
                0x10000468                hw_claim_or_assert
 *fill*         0x1000049a        0x2 
 .text.running_on_fpga
                0x1000049c       0x14 CMakeFiles/picokey_serial_device.dir/C_/VSARM/sdk/pico/pico-sdk/src/rp2_common/pico_platform/platform.c.obj
                0x1000049c                running_on_fpga
 .text.spin_locks_reset
                0x100004b0       0x20 CMakeFiles/picokey_serial_device.dir/C_/VSARM/sdk/pico/pico-sdk/src/rp2_common/hardware_sync/sync.c.obj
                0x100004b0                spin_locks_reset
 .text.next_striped_spin_lock_num
                0x100004d0       0x1c CMakeFiles/picokey_serial_device.dir/C_/VSARM/sdk/pico/pico-sdk/src/rp2_common/hardware_sync/sync.c.obj
                0x100004d0                next_striped_spin_lock_num
 .text.uart_set_baudrate
                0x100004ec       0x5c CMakeFiles/picokey_serial_device.dir/C_/VSARM/sdk/pico/pico-sdk/src/rp2_common/hardware_uart/uart.c.obj
                0x100004ec                uart_set_baudrate
 .text.uart_set_translate_crlf
                0x10000548       0x28 CMakeFiles/picokey_serial_device.dir/C_/VSARM/sdk/pico/pico-sdk/src/rp2_common/hardware_uart/uart.c.obj
                0x10000548                uart_set_translate_crlf
 .text.uart_init
                0x10000570       0x80 CMakeFiles/picokey_serial_device.dir/C_/VSARM/sdk/pico/pico-sdk/src/rp2_common/hardware_uart/uart.c.obj
                0x10000570                uart_init
 .text.alarm_pool_post_alloc_init
                0x100005f0       0x40 CMakeFiles/picokey_serial_device.dir/C_/VSARM/sdk/pico/pico-sdk/src/common/pico_time/time.c.obj
 .text.sleep_until_callback
                0x10000630       0x30 CMakeFiles/picokey_serial_device.dir/C_/VSARM/sdk/pico/pico-sdk/src/common/pico_time/time.c.obj
 .text.timer_pool_entry_comparator
                0x10000660       0x78 CMakeFiles/picokey_serial_device.dir/C_/VSARM/sdk/pico/pico-sdk/src/common/pico_time/time.c.obj
                0x10000660                timer_pool_entry_comparator
 .text.ph_add_child_node
                0x100006d8       0xa0 CMakeFiles/picokey_serial_device.dir/C_/VSARM/sdk/pico/pico-sdk/src/common/pico_time/time.c.obj
 .text.ph_merge_nodes
                0x10000778       0x3e CMakeFiles/picokey_serial_device.dir/C_/VSARM/sdk/pico/pico-sdk/src/common/pico_time/time.c.obj
 *fill*         0x100007b6        0x2 
 .text.add_alarm_under_lock
                0x100007b8      0x16c CMakeFiles/picokey_serial_device.dir/C_/VSARM/sdk/pico/pico-sdk/src/common/pico_time/time.c.obj
 .text.alarm_pool_alarm_callback
                0x10000924      0x328 CMakeFiles/picokey_serial_device.dir/C_/VSARM/sdk/pico/pico-sdk/src/common/pico_time/time.c.obj
 .text.alarm_pool_init_default
                0x10000c4c       0x38 CMakeFiles/picokey_serial_device.dir/C_/VSARM/sdk/pico/pico-sdk/src/common/pico_time/time.c.obj
                0x10000c4c                alarm_pool_init_default
 .text.alarm_pool_get_default
                0x10000c84       0x2c CMakeFiles/picokey_serial_device.dir/C_/VSARM/sdk/pico/pico-sdk/src/common/pico_time/time.c.obj
                0x10000c84                alarm_pool_get_default
 .text.alarm_pool_add_alarm_at
                0x10000cb0      0x178 CMakeFiles/picokey_serial_device.dir/C_/VSARM/sdk/pico/pico-sdk/src/common/pico_time/time.c.obj
                0x10000cb0                alarm_pool_add_alarm_at
 .text.sleep_until
                0x10000e28       0xfc CMakeFiles/picokey_serial_device.dir/C_/VSARM/sdk/pico/pico-sdk/src/common/pico_time/time.c.obj
                0x10000e28                sleep_until
 .text.sleep_us
                0x10000f24       0x58 CMakeFiles/picokey_serial_device.dir/C_/VSARM/sdk/pico/pico-sdk/src/common/pico_time/time.c.obj
                0x10000f24                sleep_us
 .text.sleep_ms
                0x10000f7c       0x14 CMakeFiles/picokey_serial_device.dir/C_/VSARM/sdk/pico/pico-sdk/src/common/pico_time/time.c.obj
                0x10000f7c                sleep_ms
 .text.hardware_alarm_irq_handler
                0x10000f90       0x88 CMakeFiles/picokey_serial_device.dir/C_/VSARM/sdk/pico/pico-sdk/src/rp2_common/hardware_timer/timer.c.obj
 .text.hardware_alarm_claim
                0x10001018       0x18 CMakeFiles/picokey_serial_device.dir/C_/VSARM/sdk/pico/pico-sdk/src/rp2_common/hardware_timer/timer.c.obj
                0x10001018                hardware_alarm_claim
 .text.time_us_64
                0x10001030       0x18 CMakeFiles/picokey_serial_device.dir/C_/VSARM/sdk/pico/pico-sdk/src/rp2_common/hardware_timer/timer.c.obj
                0x10001030                time_us_64
 .text.busy_wait_until
                0x10001048       0x28 CMakeFiles/picokey_serial_device.dir/C_/VSARM/sdk/pico/pico-sdk/src/rp2_common/hardware_timer/timer.c.obj
                0x10001048                busy_wait_until
 .text.busy_wait_us
                0x10001070       0x48 CMakeFiles/picokey_serial_device.dir/C_/VSARM/sdk/pico/pico-sdk/src/rp2_common/hardware_timer/timer.c.obj
                0x10001070                busy_wait_us
 .text.hardware_alarm_set_callback
                0x100010b8       0x90 CMakeFiles/picokey_serial_device.dir/C_/VSARM/sdk/pico/pico-sdk/src/rp2_common/hardware_timer/timer.c.obj
                0x100010b8                hardware_alarm_set_callback
 .text.hardware_alarm_set_target
                0x10001148       0xe8 CMakeFiles/picokey_serial_device.dir/C_/VSARM/sdk/pico/pico-sdk/src/rp2_common/hardware_timer/timer.c.obj
                0x10001148                hardware_alarm_set_target
 .text.hardware_alarm_cancel
                0x10001230       0x40 CMakeFiles/picokey_serial_device.dir/C_/VSARM/sdk/pico/pico-sdk/src/rp2_common/hardware_timer/timer.c.obj
                0x10001230                hardware_alarm_cancel
 .text.lock_init
                0x10001270       0x10 CMakeFiles/picokey_serial_device.dir/C_/VSARM/sdk/pico/pico-sdk/src/common/pico_sync/lock_core.c.obj
                0x10001270                lock_init
 .text.mutex_init
                0x10001280       0x1a CMakeFiles/picokey_serial_device.dir/C_/VSARM/sdk/pico/pico-sdk/src/common/pico_sync/mutex.c.obj
                0x10001280                mutex_init
 .text.recursive_mutex_init
                0x1000129a       0x1e CMakeFiles/picokey_serial_device.dir/C_/VSARM/sdk/pico/pico-sdk/src/common/pico_sync/mutex.c.obj
                0x1000129a                recursive_mutex_init
 .text.ph_add_child_node
                0x100012b8       0xa0 CMakeFiles/picokey_serial_device.dir/C_/VSARM/sdk/pico/pico-sdk/src/common/pico_util/pheap.c.obj
 .text.ph_merge_nodes
                0x10001358       0x3e CMakeFiles/picokey_serial_device.dir/C_/VSARM/sdk/pico/pico-sdk/src/common/pico_util/pheap.c.obj
 *fill*         0x10001396        0x2 
 .text.ph_clear
                0x10001398       0x70 CMakeFiles/picokey_serial_device.dir/C_/VSARM/sdk/pico/pico-sdk/src/common/pico_util/pheap.c.obj
                0x10001398                ph_clear
 .text.ph_post_alloc_init
                0x10001408        0xe CMakeFiles/picokey_serial_device.dir/C_/VSARM/sdk/pico/pico-sdk/src/common/pico_util/pheap.c.obj
                0x10001408                ph_post_alloc_init
 *fill*         0x10001416        0x2 
 .text.ph_merge_two_pass
                0x10001418       0xa4 CMakeFiles/picokey_serial_device.dir/C_/VSARM/sdk/pico/pico-sdk/src/common/pico_util/pheap.c.obj
                0x10001418                ph_merge_two_pass
 .text.ph_remove_any_head
                0x100014bc      0x104 CMakeFiles/picokey_serial_device.dir/C_/VSARM/sdk/pico/pico-sdk/src/common/pico_util/pheap.c.obj
 .text.ph_remove_head
                0x100015c0       0x14 CMakeFiles/picokey_serial_device.dir/C_/VSARM/sdk/pico/pico-sdk/src/common/pico_util/pheap.c.obj
                0x100015c0                ph_remove_head
 .text.ph_remove_and_free_node
                0x100015d4       0xf8 CMakeFiles/picokey_serial_device.dir/C_/VSARM/sdk/pico/pico-sdk/src/common/pico_util/pheap.c.obj
                0x100015d4                ph_remove_and_free_node
 .text._exit    0x100016cc        0x4 CMakeFiles/picokey_serial_device.dir/C_/VSARM/sdk/pico/pico-sdk/src/rp2_common/pico_runtime/runtime.c.obj
                0x100016cc                _exit
 .text._sbrk    0x100016d0       0x38 CMakeFiles/picokey_serial_device.dir/C_/VSARM/sdk/pico/pico-sdk/src/rp2_common/pico_runtime/runtime.c.obj
                0x100016d0                _sbrk
 .text.exit     0x10001708        0x6 CMakeFiles/picokey_serial_device.dir/C_/VSARM/sdk/pico/pico-sdk/src/rp2_common/pico_runtime/runtime.c.obj
                0x10001708                exit
 *fill*         0x1000170e        0x2 
 .text.__assert_func
                0x10001710       0x3c CMakeFiles/picokey_serial_device.dir/C_/VSARM/sdk/pico/pico-sdk/src/rp2_common/pico_runtime/runtime.c.obj
                0x10001710                __assert_func
 .text.runtime_init
                0x1000174c       0xf8 CMakeFiles/picokey_serial_device.dir/C_/VSARM/sdk/pico/pico-sdk/src/rp2_common/pico_runtime/runtime.c.obj
                0x1000174c                runtime_init
 .text.panic    0x10001844       0x30 CMakeFiles/picokey_serial_device.dir/C_/VSARM/sdk/pico/pico-sdk/src/rp2_common/pico_runtime/runtime.c.obj
                0x10001844                panic
 .text.clock_configure
                0x10001874      0x104 CMakeFiles/picokey_serial_device.dir/C_/VSARM/sdk/pico/pico-sdk/src/rp2_common/hardware_clocks/clocks.c.obj
                0x10001874                clock_configure
 .text.clocks_init
                0x10001978      0x100 CMakeFiles/picokey_serial_device.dir/C_/VSARM/sdk/pico/pico-sdk/src/rp2_common/hardware_clocks/clocks.c.obj
                0x10001978                clocks_init
 .text.clock_get_hz
                0x10001a78        0xc CMakeFiles/picokey_serial_device.dir/C_/VSARM/sdk/pico/pico-sdk/src/rp2_common/hardware_clocks/clocks.c.obj
                0x10001a78                clock_get_hz
 .text.set_raw_irq_handler_and_unlock
                0x10001a84       0x28 CMakeFiles/picokey_serial_device.dir/C_/VSARM/sdk/pico/pico-sdk/src/rp2_common/hardware_irq/irq.c.obj
 .text.make_branch
                0x10001aac       0x34 CMakeFiles/picokey_serial_device.dir/C_/VSARM/sdk/pico/pico-sdk/src/rp2_common/hardware_irq/irq.c.obj
 .text.insert_branch_and_link
                0x10001ae0       0x40 CMakeFiles/picokey_serial_device.dir/C_/VSARM/sdk/pico/pico-sdk/src/rp2_common/hardware_irq/irq.c.obj
 .text.irq_is_enabled
                0x10001b20       0x18 CMakeFiles/picokey_serial_device.dir/C_/VSARM/sdk/pico/pico-sdk/src/rp2_common/hardware_irq/irq.c.obj
                0x10001b20                irq_is_enabled
 .text.irq_set_mask_enabled
                0x10001b38       0x20 CMakeFiles/picokey_serial_device.dir/C_/VSARM/sdk/pico/pico-sdk/src/rp2_common/hardware_irq/irq.c.obj
                0x10001b38                irq_set_mask_enabled
 .text.irq_set_enabled
                0x10001b58        0xe CMakeFiles/picokey_serial_device.dir/C_/VSARM/sdk/pico/pico-sdk/src/rp2_common/hardware_irq/irq.c.obj
                0x10001b58                irq_set_enabled
 *fill*         0x10001b66        0x2 
 .text.irq_get_vtable_handler
                0x10001b68       0x10 CMakeFiles/picokey_serial_device.dir/C_/VSARM/sdk/pico/pico-sdk/src/rp2_common/hardware_irq/irq.c.obj
                0x10001b68                irq_get_vtable_handler
 .text.irq_set_exclusive_handler
                0x10001b78       0x54 CMakeFiles/picokey_serial_device.dir/C_/VSARM/sdk/pico/pico-sdk/src/rp2_common/hardware_irq/irq.c.obj
                0x10001b78                irq_set_exclusive_handler
 .text.irq_remove_handler
                0x10001bcc      0x1ac CMakeFiles/picokey_serial_device.dir/C_/VSARM/sdk/pico/pico-sdk/src/rp2_common/hardware_irq/irq.c.obj
                0x10001bcc                irq_remove_handler
 .text.irq_add_tail_to_free_list
                0x10001d78       0xf0 CMakeFiles/picokey_serial_device.dir/C_/VSARM/sdk/pico/pico-sdk/src/rp2_common/hardware_irq/irq.c.obj
                0x10001d78                irq_add_tail_to_free_list
 .text.irq_init_priorities
                0x10001e68       0x1c CMakeFiles/picokey_serial_device.dir/C_/VSARM/sdk/pico/pico-sdk/src/rp2_common/hardware_irq/irq.c.obj
                0x10001e68                irq_init_priorities
 .text.pll_init
                0x10001e84      0x118 CMakeFiles/picokey_serial_device.dir/C_/VSARM/sdk/pico/pico-sdk/src/rp2_common/hardware_pll/pll.c.obj
                0x10001e84                pll_init
 .text.watchdog_start_tick
                0x10001f9c       0x10 CMakeFiles/picokey_serial_device.dir/C_/VSARM/sdk/pico/pico-sdk/src/rp2_common/hardware_watchdog/watchdog.c.obj
                0x10001f9c                watchdog_start_tick
 .text.xosc_init
                0x10001fac       0x28 CMakeFiles/picokey_serial_device.dir/C_/VSARM/sdk/pico/pico-sdk/src/rp2_common/hardware_xosc/xosc.c.obj
                0x10001fac                xosc_init
 .text._out_buffer
                0x10001fd4        0x8 CMakeFiles/picokey_serial_device.dir/C_/VSARM/sdk/pico/pico-sdk/src/rp2_common/pico_printf/printf.c.obj
 .text._out_null
                0x10001fdc        0x2 CMakeFiles/picokey_serial_device.dir/C_/VSARM/sdk/pico/pico-sdk/src/rp2_common/pico_printf/printf.c.obj
 .text._out_fct
                0x10001fde        0xe CMakeFiles/picokey_serial_device.dir/C_/VSARM/sdk/pico/pico-sdk/src/rp2_common/pico_printf/printf.c.obj
 .text._atoi    0x10001fec       0x24 CMakeFiles/picokey_serial_device.dir/C_/VSARM/sdk/pico/pico-sdk/src/rp2_common/pico_printf/printf.c.obj
 .text._out_rev
                0x10002010       0xae CMakeFiles/picokey_serial_device.dir/C_/VSARM/sdk/pico/pico-sdk/src/rp2_common/pico_printf/printf.c.obj
 .text._ntoa_format
                0x100020be      0x112 CMakeFiles/picokey_serial_device.dir/C_/VSARM/sdk/pico/pico-sdk/src/rp2_common/pico_printf/printf.c.obj
 .text._ntoa_long
                0x100021d0       0xbc CMakeFiles/picokey_serial_device.dir/C_/VSARM/sdk/pico/pico-sdk/src/rp2_common/pico_printf/printf.c.obj
 .text._ntoa_long_long
                0x1000228c       0xe2 CMakeFiles/picokey_serial_device.dir/C_/VSARM/sdk/pico/pico-sdk/src/rp2_common/pico_printf/printf.c.obj
 *fill*         0x1000236e        0x2 
 .text._etoa    0x10002370      0x414 CMakeFiles/picokey_serial_device.dir/C_/VSARM/sdk/pico/pico-sdk/src/rp2_common/pico_printf/printf.c.obj
 .text._ftoa    0x10002784      0x354 CMakeFiles/picokey_serial_device.dir/C_/VSARM/sdk/pico/pico-sdk/src/rp2_common/pico_printf/printf.c.obj
 .text._vsnprintf
                0x10002ad8      0x650 CMakeFiles/picokey_serial_device.dir/C_/VSARM/sdk/pico/pico-sdk/src/rp2_common/pico_printf/printf.c.obj
 .text.__wrap_sprintf
                0x10003128       0x2c CMakeFiles/picokey_serial_device.dir/C_/VSARM/sdk/pico/pico-sdk/src/rp2_common/pico_printf/printf.c.obj
                0x10003128                __wrap_sprintf
 .text.vfctprintf
                0x10003154       0x20 CMakeFiles/picokey_serial_device.dir/C_/VSARM/sdk/pico/pico-sdk/src/rp2_common/pico_printf/printf.c.obj
                0x10003154                vfctprintf
 .text          0x10003174       0x10 CMakeFiles/picokey_serial_device.dir/C_/VSARM/sdk/pico/pico-sdk/src/rp2_common/pico_bit_ops/bit_ops_aeabi.S.obj
 .text.rom_func_lookup
                0x10003184       0x10 CMakeFiles/picokey_serial_device.dir/C_/VSARM/sdk/pico/pico-sdk/src/rp2_common/pico_bootrom/bootrom.c.obj
                0x10003184                rom_func_lookup
 .text.rom_data_lookup
                0x10003194       0x10 CMakeFiles/picokey_serial_device.dir/C_/VSARM/sdk/pico/pico-sdk/src/rp2_common/pico_bootrom/bootrom.c.obj
                0x10003194                rom_data_lookup
 .text.rom_funcs_lookup
                0x100031a4       0x36 CMakeFiles/picokey_serial_device.dir/C_/VSARM/sdk/pico/pico-sdk/src/rp2_common/pico_bootrom/bootrom.c.obj
                0x100031a4                rom_funcs_lookup
 *fill*         0x100031da        0x2 
 .text.__wrap___aeabi_idiv
                0x100031dc       0x50 CMakeFiles/picokey_serial_device.dir/C_/VSARM/sdk/pico/pico-sdk/src/rp2_common/pico_divider/divider.S.obj
                0x100031dc                __wrap___aeabi_idivmod
                0x100031dc                divmod_s32s32
                0x100031dc                div_s32s32
                0x100031dc                __wrap___aeabi_idiv
                0x100031e4                divmod_s32s32_unsafe
                0x10003210                divmod_s32s32_savestate
 .text.__wrap___aeabi_uidiv
                0x1000322c       0x4c CMakeFiles/picokey_serial_device.dir/C_/VSARM/sdk/pico/pico-sdk/src/rp2_common/pico_divider/divider.S.obj
                0x1000322c                __wrap___aeabi_uidiv
                0x1000322c                __wrap___aeabi_uidivmod
                0x1000322c                div_u32u32
                0x1000322c                divmod_u32u32
                0x10003234                divmod_u32u32_unsafe
                0x1000325c                divmod_u32u32_savestate
 .text.__wrap___aeabi_ldiv
                0x10003278      0x434 CMakeFiles/picokey_serial_device.dir/C_/VSARM/sdk/pico/pico-sdk/src/rp2_common/pico_divider/divider.S.obj
                0x10003278                div_s64s64
                0x10003278                divmod_s64s64
                0x10003278                __wrap___aeabi_ldivmod
                0x100032b0                divmod_u64u64
                0x100032b0                div_u64u64
                0x100032b0                __wrap___aeabi_uldivmod
                0x100032c0                divmod_u64u64_savestate
                0x100032e8                divmod_s64s64_unsafe
                0x10003370                divmod_u64u64_unsafe
 .text.__wrap___aeabi_darithmetic
                0x100036ac       0x80 CMakeFiles/picokey_serial_device.dir/C_/VSARM/sdk/pico/pico-sdk/src/rp2_common/pico_double/double_aeabi.S.obj
                0x100036ac                __wrap___aeabi_drsub
                0x100036b2                __wrap___aeabi_dsub
                0x100036c4                __wrap___aeabi_dadd
                0x100036d6                __wrap___aeabi_ddiv
                0x10003712                __wrap___aeabi_dmul
 .text.__wrap___aeabi_cdcmple
                0x1000372c       0x6c CMakeFiles/picokey_serial_device.dir/C_/VSARM/sdk/pico/pico-sdk/src/rp2_common/pico_double/double_aeabi.S.obj
                0x1000372c                __wrap___aeabi_cdrcmple
                0x1000373c                __wrap___aeabi_cdcmpeq
                0x1000373c                __wrap___aeabi_cdcmple
 .text.__wrap___aeabi_dcmplt
                0x10003798        0xc CMakeFiles/picokey_serial_device.dir/C_/VSARM/sdk/pico/pico-sdk/src/rp2_common/pico_double/double_aeabi.S.obj
                0x10003798                __wrap___aeabi_dcmplt
 .text.__wrap___aeabi_dcmple
                0x100037a4       0x10 CMakeFiles/picokey_serial_device.dir/C_/VSARM/sdk/pico/pico-sdk/src/rp2_common/pico_double/double_aeabi.S.obj
                0x100037a4                __wrap___aeabi_dcmple
 .text.__wrap___aeabi_dcmpge
                0x100037b4       0x10 CMakeFiles/picokey_serial_device.dir/C_/VSARM/sdk/pico/pico-sdk/src/rp2_common/pico_double/double_aeabi.S.obj
                0x100037b4                __wrap___aeabi_dcmpge
 .text.__wrap___aeabi_dcmpgt
                0x100037c4        0xa CMakeFiles/picokey_serial_device.dir/C_/VSARM/sdk/pico/pico-sdk/src/rp2_common/pico_double/double_aeabi.S.obj
                0x100037c4                __wrap___aeabi_dcmpgt
 .text.__wrap___aeabi_dcmpun
                0x100037ce       0x1c CMakeFiles/picokey_serial_device.dir/C_/VSARM/sdk/pico/pico-sdk/src/rp2_common/pico_double/double_aeabi.S.obj
                0x100037ce                __wrap___aeabi_dcmpun
 *fill*         0x100037ea        0x2 
 .text.__wrap___aeabi_i2d
                0x100037ec       0x38 CMakeFiles/picokey_serial_device.dir/C_/VSARM/sdk/pico/pico-sdk/src/rp2_common/pico_double/double_aeabi.S.obj
                0x100037ec                __wrap___aeabi_ui2d
                0x100037f4                __wrap___aeabi_i2d
 .text.__wrap___aeabi_d2iz
                0x10003824       0x48 CMakeFiles/picokey_serial_device.dir/C_/VSARM/sdk/pico/pico-sdk/src/rp2_common/pico_double/double_aeabi.S.obj
                0x10003824                double2int_z
                0x10003824                __wrap___aeabi_d2iz
 .text.__wrap___aeabi_d2uiz
                0x1000386c       0x18 CMakeFiles/picokey_serial_device.dir/C_/VSARM/sdk/pico/pico-sdk/src/rp2_common/pico_double/double_aeabi.S.obj
                0x1000386c                __wrap___aeabi_d2uiz
                0x1000386c                double2uint
 .text.__aeabi_double_init
                0x10003884       0xc8 CMakeFiles/picokey_serial_device.dir/C_/VSARM/sdk/pico/pico-sdk/src/rp2_common/pico_double/double_init_rom.c.obj
                0x10003884                __aeabi_double_init
 .text.double_table_shim_on_use_helper
                0x1000394c       0x34 CMakeFiles/picokey_serial_device.dir/C_/VSARM/sdk/pico/pico-sdk/src/rp2_common/pico_double/double_v1_rom_shim.S.obj
                0x1000394c                double_table_shim_on_use_helper
 .text.__wrap___aeabi_dsub
                0x10003980       0x10 CMakeFiles/picokey_serial_device.dir/C_/VSARM/sdk/pico/pico-sdk/src/rp2_common/pico_double/double_v1_rom_shim.S.obj
                0x10003980                drsub_shim
                0x10003986                dsub_shim
 .text.dadd_shim
                0x10003990      0x15c CMakeFiles/picokey_serial_device.dir/C_/VSARM/sdk/pico/pico-sdk/src/rp2_common/pico_double/double_v1_rom_shim.S.obj
                0x10003990                dadd_shim
 .text.dmul_shim
                0x10003aec      0x15c CMakeFiles/picokey_serial_device.dir/C_/VSARM/sdk/pico/pico-sdk/src/rp2_common/pico_double/double_v1_rom_shim.S.obj
                0x10003aec                dmul_shim
 .text.ddiv_shim
                0x10003c48      0x1b0 CMakeFiles/picokey_serial_device.dir/C_/VSARM/sdk/pico/pico-sdk/src/rp2_common/pico_double/double_v1_rom_shim.S.obj
                0x10003c48                ddiv_shim
 .text.double2uint_shim
                0x10003df8        0xe CMakeFiles/picokey_serial_device.dir/C_/VSARM/sdk/pico/pico-sdk/src/rp2_common/pico_double/double_v1_rom_shim.S.obj
                0x10003df8                double2uint_shim
                0x10003dfa                double2ufix_shim
 *fill*         0x10003e06        0x2 
 .text.double2uint64_shim
                0x10003e08       0x70 CMakeFiles/picokey_serial_device.dir/C_/VSARM/sdk/pico/pico-sdk/src/rp2_common/pico_double/double_v1_rom_shim.S.obj
                0x10003e08                double2uint64_shim
                0x10003e0a                double2ufix64_shim
                0x10003e2a                d2fix_a
 .text.dunpacks
                0x10003e78       0x3c CMakeFiles/picokey_serial_device.dir/C_/VSARM/sdk/pico/pico-sdk/src/rp2_common/pico_double/double_v1_rom_shim.S.obj
                0x10003e78                dunpacks
 .text.__aeabi_lmul
                0x10003eb4       0x32 CMakeFiles/picokey_serial_device.dir/C_/VSARM/sdk/pico/pico-sdk/src/rp2_common/pico_int64_ops/pico_int64_ops_aeabi.S.obj
                0x10003eb4                __wrap___aeabi_lmul
 *fill*         0x10003ee6        0x2 
 .text.__aeabi_float_init
                0x10003ee8       0xfc CMakeFiles/picokey_serial_device.dir/C_/VSARM/sdk/pico/pico-sdk/src/rp2_common/pico_float/float_init_rom.c.obj
                0x10003ee8                __aeabi_float_init
 .text.float_table_shim_on_use_helper
                0x10003fe4       0x34 CMakeFiles/picokey_serial_device.dir/C_/VSARM/sdk/pico/pico-sdk/src/rp2_common/pico_float/float_v1_rom_shim.S.obj
                0x10003fe4                float_table_shim_on_use_helper
 .text.__wrap_malloc
                0x10004018       0x24 CMakeFiles/picokey_serial_device.dir/C_/VSARM/sdk/pico/pico-sdk/src/rp2_common/pico_malloc/pico_malloc.c.obj
                0x10004018                __wrap_malloc
 .text.__wrap_free
                0x1000403c        0x8 CMakeFiles/picokey_serial_device.dir/C_/VSARM/sdk/pico/pico-sdk/src/rp2_common/pico_malloc/pico_malloc.c.obj
                0x1000403c                __wrap_free
 .text          0x10004044       0x10 CMakeFiles/picokey_serial_device.dir/C_/VSARM/sdk/pico/pico-sdk/src/rp2_common/pico_mem_ops/mem_ops_aeabi.S.obj
                0x10004044                __aeabi_mem_init
 .text.memset   0x10004054        0xc CMakeFiles/picokey_serial_device.dir/C_/VSARM/sdk/pico/pico-sdk/src/rp2_common/pico_mem_ops/mem_ops_aeabi.S.obj
                0x10004054                __wrap_memset
 .text.memcpy   0x10004060        0xc CMakeFiles/picokey_serial_device.dir/C_/VSARM/sdk/pico/pico-sdk/src/rp2_common/pico_mem_ops/mem_ops_aeabi.S.obj
                0x10004060                __wrap_memcpy
                0x10004060                __wrap___aeabi_memcpy
 .text._Znwj    0x1000406c        0x8 CMakeFiles/picokey_serial_device.dir/C_/VSARM/sdk/pico/pico-sdk/src/rp2_common/pico_standard_link/new_delete.cpp.obj
                0x1000406c                _Znwj
 .text._ZdlPv   0x10004074        0x8 CMakeFiles/picokey_serial_device.dir/C_/VSARM/sdk/pico/pico-sdk/src/rp2_common/pico_standard_link/new_delete.cpp.obj
                0x10004074                _ZdlPv
 .text._ZdlPvj  0x1000407c        0x8 CMakeFiles/picokey_serial_device.dir/C_/VSARM/sdk/pico/pico-sdk/src/rp2_common/pico_standard_link/new_delete.cpp.obj
                0x1000407c                _ZdlPvj
 .text.stdio_out_chars_no_crlf
                0x10004084        0xe CMakeFiles/picokey_serial_device.dir/C_/VSARM/sdk/pico/pico-sdk/src/rp2_common/pico_stdio/stdio.c.obj
 *fill*         0x10004092        0x2 
 .text.stdio_out_chars_crlf
                0x10004094       0x80 CMakeFiles/picokey_serial_device.dir/C_/VSARM/sdk/pico/pico-sdk/src/rp2_common/pico_stdio/stdio.c.obj
 .text.stdio_stack_buffer_flush
                0x10004114       0x44 CMakeFiles/picokey_serial_device.dir/C_/VSARM/sdk/pico/pico-sdk/src/rp2_common/pico_stdio/stdio.c.obj
 .text.stdio_buffered_printer
                0x10004158       0x20 CMakeFiles/picokey_serial_device.dir/C_/VSARM/sdk/pico/pico-sdk/src/rp2_common/pico_stdio/stdio.c.obj
 .text.stdio_get_until
                0x10004178       0x80 CMakeFiles/picokey_serial_device.dir/C_/VSARM/sdk/pico/pico-sdk/src/rp2_common/pico_stdio/stdio.c.obj
 .text.stdout_serialize_begin
                0x100041f8       0x30 CMakeFiles/picokey_serial_device.dir/C_/VSARM/sdk/pico/pico-sdk/src/rp2_common/pico_stdio/stdio.c.obj
                0x100041f8                stdout_serialize_begin
 .text.stdout_serialize_end
                0x10004228       0x10 CMakeFiles/picokey_serial_device.dir/C_/VSARM/sdk/pico/pico-sdk/src/rp2_common/pico_stdio/stdio.c.obj
                0x10004228                stdout_serialize_end
 .text.stdio_put_string
                0x10004238       0x98 CMakeFiles/picokey_serial_device.dir/C_/VSARM/sdk/pico/pico-sdk/src/rp2_common/pico_stdio/stdio.c.obj
 .text._read    0x100042d0       0x24 CMakeFiles/picokey_serial_device.dir/C_/VSARM/sdk/pico/pico-sdk/src/rp2_common/pico_stdio/stdio.c.obj
                0x100042d0                _read
 .text._write   0x100042f4       0x20 CMakeFiles/picokey_serial_device.dir/C_/VSARM/sdk/pico/pico-sdk/src/rp2_common/pico_stdio/stdio.c.obj
                0x100042f4                _write
 .text.stdio_set_driver_enabled
                0x10004314       0x38 CMakeFiles/picokey_serial_device.dir/C_/VSARM/sdk/pico/pico-sdk/src/rp2_common/pico_stdio/stdio.c.obj
                0x10004314                stdio_set_driver_enabled
 .text.stdio_flush
                0x1000434c       0x20 CMakeFiles/picokey_serial_device.dir/C_/VSARM/sdk/pico/pico-sdk/src/rp2_common/pico_stdio/stdio.c.obj
                0x1000434c                stdio_flush
 .text.__wrap_puts
                0x1000436c       0x1e CMakeFiles/picokey_serial_device.dir/C_/VSARM/sdk/pico/pico-sdk/src/rp2_common/pico_stdio/stdio.c.obj
                0x1000436c                __wrap_puts
 *fill*         0x1000438a        0x2 
 .text.__wrap_vprintf
                0x1000438c       0x44 CMakeFiles/picokey_serial_device.dir/C_/VSARM/sdk/pico/pico-sdk/src/rp2_common/pico_stdio/stdio.c.obj
                0x1000438c                __wrap_vprintf
 .text.__wrap_printf
                0x100043d0       0x18 CMakeFiles/picokey_serial_device.dir/C_/VSARM/sdk/pico/pico-sdk/src/rp2_common/pico_stdio/stdio.c.obj
                0x100043d0                __wrap_printf
 .text.stdio_init_all
                0x100043e8        0x8 CMakeFiles/picokey_serial_device.dir/C_/VSARM/sdk/pico/pico-sdk/src/rp2_common/pico_stdio/stdio.c.obj
                0x100043e8                stdio_init_all
 .text.stdio_uart_out_chars
                0x100043f0       0x74 CMakeFiles/picokey_serial_device.dir/C_/VSARM/sdk/pico/pico-sdk/src/rp2_common/pico_stdio_uart/stdio_uart.c.obj
 .text.stdio_uart_in_chars
                0x10004464       0x58 CMakeFiles/picokey_serial_device.dir/C_/VSARM/sdk/pico/pico-sdk/src/rp2_common/pico_stdio_uart/stdio_uart.c.obj
                0x10004464                stdio_uart_in_chars
 .text.stdio_uart_init_full
                0x100044bc       0x3c CMakeFiles/picokey_serial_device.dir/C_/VSARM/sdk/pico/pico-sdk/src/rp2_common/pico_stdio_uart/stdio_uart.c.obj
                0x100044bc                stdio_uart_init_full
 .text.stdio_uart_init
                0x100044f8       0x28 CMakeFiles/picokey_serial_device.dir/C_/VSARM/sdk/pico/pico-sdk/src/rp2_common/pico_stdio_uart/stdio_uart.c.obj
                0x100044f8                stdio_uart_init
 .text._ZNSt7__cxx1112basic_stringIcSt11char_traitsIcESaIcEE9_M_createERjj
                0x10004520       0x3c c:/vsarm/armcc/112202~1.02/bin/../lib/gcc/arm-none-eabi/11.2.1/thumb/v6-m/nofp\libstdc++.a(string-inst.o)
                0x10004520                _ZNSt7__cxx1112basic_stringIcSt11char_traitsIcESaIcEE9_M_createERjj
 .text._ZNSt7__cxx1112basic_stringIcSt11char_traitsIcESaIcEE10_M_disposeEv
                0x1000455c       0x14 c:/vsarm/armcc/112202~1.02/bin/../lib/gcc/arm-none-eabi/11.2.1/thumb/v6-m/nofp\libstdc++.a(string-inst.o)
                0x1000455c                _ZNSt7__cxx1112basic_stringIcSt11char_traitsIcESaIcEE10_M_disposeEv
 .text._ZNSt7__cxx1112basic_stringIcSt11char_traitsIcESaIcEE12_M_constructEjc
                0x10004570       0x48 c:/vsarm/armcc/112202~1.02/bin/../lib/gcc/arm-none-eabi/11.2.1/thumb/v6-m/nofp\libstdc++.a(string-inst.o)
                0x10004570                _ZNSt7__cxx1112basic_stringIcSt11char_traitsIcESaIcEE12_M_constructEjc
 .text.__cxa_end_cleanup
                0x100045b8        0xc c:/vsarm/armcc/112202~1.02/bin/../lib/gcc/arm-none-eabi/11.2.1/thumb/v6-m/nofp\libstdc++.a(eh_arm.o)
                0x100045b8                __cxa_end_cleanup
 .text.__cxa_type_match
                0x100045c4       0xbc c:/vsarm/armcc/112202~1.02/bin/../lib/gcc/arm-none-eabi/11.2.1/thumb/v6-m/nofp\libstdc++.a(eh_arm.o)
                0x100045c4                __cxa_type_match
 .text.__cxa_begin_cleanup
                0x10004680       0x60 c:/vsarm/armcc/112202~1.02/bin/../lib/gcc/arm-none-eabi/11.2.1/thumb/v6-m/nofp\libstdc++.a(eh_arm.o)
                0x10004680                __cxa_begin_cleanup
 .text.__gnu_end_cleanup
                0x100046e0       0x70 c:/vsarm/armcc/112202~1.02/bin/../lib/gcc/arm-none-eabi/11.2.1/thumb/v6-m/nofp\libstdc++.a(eh_arm.o)
                0x100046e0                __gnu_end_cleanup
 .text.__cxa_begin_catch
                0x10004750       0x74 c:/vsarm/armcc/112202~1.02/bin/../lib/gcc/arm-none-eabi/11.2.1/thumb/v6-m/nofp\libstdc++.a(eh_catch.o)
                0x10004750                __cxa_begin_catch
 .text.__cxa_end_catch
                0x100047c4       0x90 c:/vsarm/armcc/112202~1.02/bin/../lib/gcc/arm-none-eabi/11.2.1/thumb/v6-m/nofp\libstdc++.a(eh_catch.o)
                0x100047c4                __cxa_end_catch
 .text._ZNSt9exceptionD2Ev
                0x10004854        0x4 c:/vsarm/armcc/112202~1.02/bin/../lib/gcc/arm-none-eabi/11.2.1/thumb/v6-m/nofp\libstdc++.a(eh_exception.o)
                0x10004854                _ZNSt9exceptionD1Ev
                0x10004854                _ZNSt9exceptionD2Ev
 .text._ZNSt13bad_exceptionD2Ev
                0x10004858        0x4 c:/vsarm/armcc/112202~1.02/bin/../lib/gcc/arm-none-eabi/11.2.1/thumb/v6-m/nofp\libstdc++.a(eh_exception.o)
                0x10004858                _ZNSt13bad_exceptionD1Ev
                0x10004858                _ZNSt13bad_exceptionD2Ev
 .text._ZNKSt13bad_exception4whatEv
                0x1000485c        0x8 c:/vsarm/armcc/112202~1.02/bin/../lib/gcc/arm-none-eabi/11.2.1/thumb/v6-m/nofp\libstdc++.a(eh_exception.o)
                0x1000485c                _ZNKSt13bad_exception4whatEv
                0x1000485c                _ZGTtNKSt13bad_exception4whatEv
 .text._ZNSt13bad_exceptionD0Ev
                0x10004864       0x10 c:/vsarm/armcc/112202~1.02/bin/../lib/gcc/arm-none-eabi/11.2.1/thumb/v6-m/nofp\libstdc++.a(eh_exception.o)
                0x10004864                _ZNSt13bad_exceptionD0Ev
 .text.__cxa_get_globals_fast
                0x10004874        0x8 c:/vsarm/armcc/112202~1.02/bin/../lib/gcc/arm-none-eabi/11.2.1/thumb/v6-m/nofp\libstdc++.a(eh_globals.o)
                0x10004874                __cxa_get_globals_fast
 .text.__cxa_get_globals
                0x1000487c        0x8 c:/vsarm/armcc/112202~1.02/bin/../lib/gcc/arm-none-eabi/11.2.1/thumb/v6-m/nofp\libstdc++.a(eh_globals.o)
                0x1000487c                __cxa_get_globals
 .text._ZL28read_encoded_value_with_basehjPKhPj
                0x10004884      0x114 c:/vsarm/armcc/112202~1.02/bin/../lib/gcc/arm-none-eabi/11.2.1/thumb/v6-m/nofp\libstdc++.a(eh_personality.o)
 .text._ZL21base_of_encoded_valuehP15_Unwind_Context
                0x10004998       0x48 c:/vsarm/armcc/112202~1.02/bin/../lib/gcc/arm-none-eabi/11.2.1/thumb/v6-m/nofp\libstdc++.a(eh_personality.o)
 .text._ZL17parse_lsda_headerP15_Unwind_ContextPKhP16lsda_header_info
                0x100049e0       0x94 c:/vsarm/armcc/112202~1.02/bin/../lib/gcc/arm-none-eabi/11.2.1/thumb/v6-m/nofp\libstdc++.a(eh_personality.o)
 .text.__gxx_personality_v0
                0x10004a74      0x4c0 c:/vsarm/armcc/112202~1.02/bin/../lib/gcc/arm-none-eabi/11.2.1/thumb/v6-m/nofp\libstdc++.a(eh_personality.o)
                0x10004a74                __gxx_personality_v0
 .text._ZN10__cxxabiv111__terminateEPFvvE
                0x10004f34       0x10 c:/vsarm/armcc/112202~1.02/bin/../lib/gcc/arm-none-eabi/11.2.1/thumb/v6-m/nofp\libstdc++.a(eh_terminate.o)
                0x10004f34                _ZN10__cxxabiv111__terminateEPFvvE
 .text._ZSt9terminatev
                0x10004f44       0x10 c:/vsarm/armcc/112202~1.02/bin/../lib/gcc/arm-none-eabi/11.2.1/thumb/v6-m/nofp\libstdc++.a(eh_terminate.o)
                0x10004f44                _ZSt9terminatev
 .text._ZN10__cxxabiv112__unexpectedEPFvvE
                0x10004f54        0x8 c:/vsarm/armcc/112202~1.02/bin/../lib/gcc/arm-none-eabi/11.2.1/thumb/v6-m/nofp\libstdc++.a(eh_terminate.o)
                0x10004f54                _ZN10__cxxabiv112__unexpectedEPFvvE
 .text._ZSt10unexpectedv
                0x10004f5c       0x10 c:/vsarm/armcc/112202~1.02/bin/../lib/gcc/arm-none-eabi/11.2.1/thumb/v6-m/nofp\libstdc++.a(eh_terminate.o)
                0x10004f5c                _ZSt10unexpectedv
 .text._ZSt13get_terminatev
                0x10004f6c        0xc c:/vsarm/armcc/112202~1.02/bin/../lib/gcc/arm-none-eabi/11.2.1/thumb/v6-m/nofp\libstdc++.a(eh_terminate.o)
                0x10004f6c                _ZSt13get_terminatev
 .text._ZSt14get_unexpectedv
                0x10004f78        0xc c:/vsarm/armcc/112202~1.02/bin/../lib/gcc/arm-none-eabi/11.2.1/thumb/v6-m/nofp\libstdc++.a(eh_terminate.o)
                0x10004f78                _ZSt14get_unexpectedv
 .text._ZL23__gxx_exception_cleanup19_Unwind_Reason_CodeP21_Unwind_Control_Block
                0x10004f84       0x34 c:/vsarm/armcc/112202~1.02/bin/../lib/gcc/arm-none-eabi/11.2.1/thumb/v6-m/nofp\libstdc++.a(eh_throw.o)
 .text.__cxa_init_primary_exception
                0x10004fb8       0x4c c:/vsarm/armcc/112202~1.02/bin/../lib/gcc/arm-none-eabi/11.2.1/thumb/v6-m/nofp\libstdc++.a(eh_throw.o)
                0x10004fb8                __cxa_init_primary_exception
 .text.__cxa_throw
                0x10005004       0x34 c:/vsarm/armcc/112202~1.02/bin/../lib/gcc/arm-none-eabi/11.2.1/thumb/v6-m/nofp\libstdc++.a(eh_throw.o)
                0x10005004                __cxa_throw
 .text.__cxa_rethrow
                0x10005038       0x70 c:/vsarm/armcc/112202~1.02/bin/../lib/gcc/arm-none-eabi/11.2.1/thumb/v6-m/nofp\libstdc++.a(eh_throw.o)
                0x10005038                __cxa_rethrow
 .text._ZN10__cxxabiv120__si_class_type_infoD2Ev
                0x100050a8       0x18 c:/vsarm/armcc/112202~1.02/bin/../lib/gcc/arm-none-eabi/11.2.1/thumb/v6-m/nofp\libstdc++.a(si_class_type_info.o)
                0x100050a8                _ZN10__cxxabiv120__si_class_type_infoD1Ev
                0x100050a8                _ZN10__cxxabiv120__si_class_type_infoD2Ev
 .text._ZN10__cxxabiv120__si_class_type_infoD0Ev
                0x100050c0       0x20 c:/vsarm/armcc/112202~1.02/bin/../lib/gcc/arm-none-eabi/11.2.1/thumb/v6-m/nofp\libstdc++.a(si_class_type_info.o)
                0x100050c0                _ZN10__cxxabiv120__si_class_type_infoD0Ev
 .text._ZNK10__cxxabiv120__si_class_type_info20__do_find_public_srcEiPKvPKNS_17__class_type_infoES2_
                0x100050e0       0x38 c:/vsarm/armcc/112202~1.02/bin/../lib/gcc/arm-none-eabi/11.2.1/thumb/v6-m/nofp\libstdc++.a(si_class_type_info.o)
                0x100050e0                _ZNK10__cxxabiv120__si_class_type_info20__do_find_public_srcEiPKvPKNS_17__class_type_infoES2_
 .text._ZNK10__cxxabiv120__si_class_type_info12__do_dyncastEiNS_17__class_type_info10__sub_kindEPKS1_PKvS4_S6_RNS1_16__dyncast_resultE
                0x10005118       0x9c c:/vsarm/armcc/112202~1.02/bin/../lib/gcc/arm-none-eabi/11.2.1/thumb/v6-m/nofp\libstdc++.a(si_class_type_info.o)
                0x10005118                _ZNK10__cxxabiv120__si_class_type_info12__do_dyncastEiNS_17__class_type_info10__sub_kindEPKS1_PKvS4_S6_RNS1_16__dyncast_resultE
 .text._ZNK10__cxxabiv120__si_class_type_info11__do_upcastEPKNS_17__class_type_infoEPKvRNS1_15__upcast_resultE
                0x100051b4       0x24 c:/vsarm/armcc/112202~1.02/bin/../lib/gcc/arm-none-eabi/11.2.1/thumb/v6-m/nofp\libstdc++.a(si_class_type_info.o)
                0x100051b4                _ZNK10__cxxabiv120__si_class_type_info11__do_upcastEPKNS_17__class_type_infoEPKvRNS1_15__upcast_resultE
 .text._ZNSt9type_infoD2Ev
                0x100051d8        0x4 c:/vsarm/armcc/112202~1.02/bin/../lib/gcc/arm-none-eabi/11.2.1/thumb/v6-m/nofp\libstdc++.a(tinfo.o)
                0x100051d8                _ZNSt9type_infoD2Ev
                0x100051d8                _ZNSt9type_infoD1Ev
 .text._ZNKSt9type_info14__is_pointer_pEv
                0x100051dc        0x4 c:/vsarm/armcc/112202~1.02/bin/../lib/gcc/arm-none-eabi/11.2.1/thumb/v6-m/nofp\libstdc++.a(tinfo.o)
                0x100051dc                _ZNKSt9type_info14__is_pointer_pEv
                0x100051dc                _ZNKSt9type_info15__is_function_pEv
 .text._ZNKSt9type_infoeqERKS_
                0x100051e0       0x30 c:/vsarm/armcc/112202~1.02/bin/../lib/gcc/arm-none-eabi/11.2.1/thumb/v6-m/nofp\libstdc++.a(tinfo.o)
                0x100051e0                _ZNKSt9type_infoeqERKS_
 .text._ZN9__gnu_cxx27__verbose_terminate_handlerEv
                0x10005210      0x114 c:/vsarm/armcc/112202~1.02/bin/../lib/gcc/arm-none-eabi/11.2.1/thumb/v6-m/nofp\libstdc++.a(vterminate.o)
                0x10005210                _ZN9__gnu_cxx27__verbose_terminate_handlerEv
 .text.unlikely._ZSt17__throw_bad_allocv
                0x10005324       0x20 c:/vsarm/armcc/112202~1.02/bin/../lib/gcc/arm-none-eabi/11.2.1/thumb/v6-m/nofp\libstdc++.a(functexcept.o)
                0x10005324                _ZSt17__throw_bad_allocv
 .text.unlikely._ZSt19__throw_logic_errorPKc
                0x10005344       0x30 c:/vsarm/armcc/112202~1.02/bin/../lib/gcc/arm-none-eabi/11.2.1/thumb/v6-m/nofp\libstdc++.a(functexcept.o)
                0x10005344                _ZSt19__throw_logic_errorPKc
 .text.unlikely._ZSt20__throw_length_errorPKc
                0x10005374       0x30 c:/vsarm/armcc/112202~1.02/bin/../lib/gcc/arm-none-eabi/11.2.1/thumb/v6-m/nofp\libstdc++.a(functexcept.o)
                0x10005374                _ZSt20__throw_length_errorPKc
 .text._ZNKSt9bad_alloc4whatEv
                0x100053a4        0x8 c:/vsarm/armcc/112202~1.02/bin/../lib/gcc/arm-none-eabi/11.2.1/thumb/v6-m/nofp\libstdc++.a(bad_alloc.o)
                0x100053a4                _ZNKSt9bad_alloc4whatEv
 .text._ZNSt9bad_allocD2Ev
                0x100053ac       0x18 c:/vsarm/armcc/112202~1.02/bin/../lib/gcc/arm-none-eabi/11.2.1/thumb/v6-m/nofp\libstdc++.a(bad_alloc.o)
                0x100053ac                _ZNSt9bad_allocD1Ev
                0x100053ac                _ZNSt9bad_allocD2Ev
 .text._ZNSt9bad_allocD0Ev
                0x100053c4       0x20 c:/vsarm/armcc/112202~1.02/bin/../lib/gcc/arm-none-eabi/11.2.1/thumb/v6-m/nofp\libstdc++.a(bad_alloc.o)
                0x100053c4                _ZNSt9bad_allocD0Ev
 .text._ZNK10__cxxabiv117__class_type_info11__do_upcastEPKS0_PPv
                0x100053e4       0x34 c:/vsarm/armcc/112202~1.02/bin/../lib/gcc/arm-none-eabi/11.2.1/thumb/v6-m/nofp\libstdc++.a(class_type_info.o)
                0x100053e4                _ZNK10__cxxabiv117__class_type_info11__do_upcastEPKS0_PPv
 .text._ZNK10__cxxabiv117__class_type_info20__do_find_public_srcEiPKvPKS0_S2_
                0x10005418       0x14 c:/vsarm/armcc/112202~1.02/bin/../lib/gcc/arm-none-eabi/11.2.1/thumb/v6-m/nofp\libstdc++.a(class_type_info.o)
                0x10005418                _ZNK10__cxxabiv117__class_type_info20__do_find_public_srcEiPKvPKS0_S2_
 .text._ZN10__cxxabiv117__class_type_infoD2Ev
                0x1000542c       0x18 c:/vsarm/armcc/112202~1.02/bin/../lib/gcc/arm-none-eabi/11.2.1/thumb/v6-m/nofp\libstdc++.a(class_type_info.o)
                0x1000542c                _ZN10__cxxabiv117__class_type_infoD2Ev
                0x1000542c                _ZN10__cxxabiv117__class_type_infoD1Ev
 .text._ZN10__cxxabiv117__class_type_infoD0Ev
                0x10005444       0x20 c:/vsarm/armcc/112202~1.02/bin/../lib/gcc/arm-none-eabi/11.2.1/thumb/v6-m/nofp\libstdc++.a(class_type_info.o)
                0x10005444                _ZN10__cxxabiv117__class_type_infoD0Ev
 .text._ZNK10__cxxabiv117__class_type_info12__do_dyncastEiNS0_10__sub_kindEPKS0_PKvS3_S5_RNS0_16__dyncast_resultE
                0x10005464       0x40 c:/vsarm/armcc/112202~1.02/bin/../lib/gcc/arm-none-eabi/11.2.1/thumb/v6-m/nofp\libstdc++.a(class_type_info.o)
                0x10005464                _ZNK10__cxxabiv117__class_type_info12__do_dyncastEiNS0_10__sub_kindEPKS0_PKvS3_S5_RNS0_16__dyncast_resultE
 .text._ZNK10__cxxabiv117__class_type_info11__do_upcastEPKS0_PKvRNS0_15__upcast_resultE
                0x100054a4       0x1c c:/vsarm/armcc/112202~1.02/bin/../lib/gcc/arm-none-eabi/11.2.1/thumb/v6-m/nofp\libstdc++.a(class_type_info.o)
                0x100054a4                _ZNK10__cxxabiv117__class_type_info11__do_upcastEPKS0_PKvRNS0_15__upcast_resultE
 .text._ZNK10__cxxabiv117__class_type_info10__do_catchEPKSt9type_infoPPvj
                0x100054c0       0x24 c:/vsarm/armcc/112202~1.02/bin/../lib/gcc/arm-none-eabi/11.2.1/thumb/v6-m/nofp\libstdc++.a(class_type_info.o)
                0x100054c0                _ZNK10__cxxabiv117__class_type_info10__do_catchEPKSt9type_infoPPvj
 .text.d_make_comp
                0x100054e4       0xc0 c:/vsarm/armcc/112202~1.02/bin/../lib/gcc/arm-none-eabi/11.2.1/thumb/v6-m/nofp\libstdc++.a(cp-demangle.o)
 .text.d_number
                0x100055a4       0x80 c:/vsarm/armcc/112202~1.02/bin/../lib/gcc/arm-none-eabi/11.2.1/thumb/v6-m/nofp\libstdc++.a(cp-demangle.o)
 .text.d_call_offset
                0x10005624       0x4c c:/vsarm/armcc/112202~1.02/bin/../lib/gcc/arm-none-eabi/11.2.1/thumb/v6-m/nofp\libstdc++.a(cp-demangle.o)
 .text.d_ref_qualifier
                0x10005670       0x30 c:/vsarm/armcc/112202~1.02/bin/../lib/gcc/arm-none-eabi/11.2.1/thumb/v6-m/nofp\libstdc++.a(cp-demangle.o)
 .text.d_count_templates_scopes
                0x100056a0       0x7c c:/vsarm/armcc/112202~1.02/bin/../lib/gcc/arm-none-eabi/11.2.1/thumb/v6-m/nofp\libstdc++.a(cp-demangle.o)
 .text.d_pack_length
                0x1000571c       0x20 c:/vsarm/armcc/112202~1.02/bin/../lib/gcc/arm-none-eabi/11.2.1/thumb/v6-m/nofp\libstdc++.a(cp-demangle.o)
 .text.d_discriminator
                0x1000573c       0x4c c:/vsarm/armcc/112202~1.02/bin/../lib/gcc/arm-none-eabi/11.2.1/thumb/v6-m/nofp\libstdc++.a(cp-demangle.o)
 .text.d_index_template_argument.part.0
                0x10005788       0x20 c:/vsarm/armcc/112202~1.02/bin/../lib/gcc/arm-none-eabi/11.2.1/thumb/v6-m/nofp\libstdc++.a(cp-demangle.o)
 .text.d_growable_string_callback_adapter
                0x100057a8       0x84 c:/vsarm/armcc/112202~1.02/bin/../lib/gcc/arm-none-eabi/11.2.1/thumb/v6-m/nofp\libstdc++.a(cp-demangle.o)
 .text.next_is_type_qual.isra.0
                0x1000582c       0x34 c:/vsarm/armcc/112202~1.02/bin/../lib/gcc/arm-none-eabi/11.2.1/thumb/v6-m/nofp\libstdc++.a(cp-demangle.o)
 .text.d_append_char
                0x10005860       0x44 c:/vsarm/armcc/112202~1.02/bin/../lib/gcc/arm-none-eabi/11.2.1/thumb/v6-m/nofp\libstdc++.a(cp-demangle.o)
 .text.d_lookup_template_argument
                0x100058a4       0x40 c:/vsarm/armcc/112202~1.02/bin/../lib/gcc/arm-none-eabi/11.2.1/thumb/v6-m/nofp\libstdc++.a(cp-demangle.o)
 .text.d_find_pack
                0x100058e4       0x88 c:/vsarm/armcc/112202~1.02/bin/../lib/gcc/arm-none-eabi/11.2.1/thumb/v6-m/nofp\libstdc++.a(cp-demangle.o)
 .text.d_append_string
                0x1000596c       0x78 c:/vsarm/armcc/112202~1.02/bin/../lib/gcc/arm-none-eabi/11.2.1/thumb/v6-m/nofp\libstdc++.a(cp-demangle.o)
 .text.d_template_param
                0x100059e4       0x5c c:/vsarm/armcc/112202~1.02/bin/../lib/gcc/arm-none-eabi/11.2.1/thumb/v6-m/nofp\libstdc++.a(cp-demangle.o)
 .text.d_append_num
                0x10005a40       0x8c c:/vsarm/armcc/112202~1.02/bin/../lib/gcc/arm-none-eabi/11.2.1/thumb/v6-m/nofp\libstdc++.a(cp-demangle.o)
 .text.d_source_name
                0x10005acc       0xe4 c:/vsarm/armcc/112202~1.02/bin/../lib/gcc/arm-none-eabi/11.2.1/thumb/v6-m/nofp\libstdc++.a(cp-demangle.o)
 .text.d_substitution
                0x10005bb0      0x190 c:/vsarm/armcc/112202~1.02/bin/../lib/gcc/arm-none-eabi/11.2.1/thumb/v6-m/nofp\libstdc++.a(cp-demangle.o)
 .text.d_type   0x10005d40      0x710 c:/vsarm/armcc/112202~1.02/bin/../lib/gcc/arm-none-eabi/11.2.1/thumb/v6-m/nofp\libstdc++.a(cp-demangle.o)
 .text.d_parmlist
                0x10006450       0x84 c:/vsarm/armcc/112202~1.02/bin/../lib/gcc/arm-none-eabi/11.2.1/thumb/v6-m/nofp\libstdc++.a(cp-demangle.o)
 .text.d_bare_function_type
                0x100064d4       0x48 c:/vsarm/armcc/112202~1.02/bin/../lib/gcc/arm-none-eabi/11.2.1/thumb/v6-m/nofp\libstdc++.a(cp-demangle.o)
 .text.d_function_type
                0x1000651c       0x70 c:/vsarm/armcc/112202~1.02/bin/../lib/gcc/arm-none-eabi/11.2.1/thumb/v6-m/nofp\libstdc++.a(cp-demangle.o)
 .text.d_operator_name
                0x1000658c      0x120 c:/vsarm/armcc/112202~1.02/bin/../lib/gcc/arm-none-eabi/11.2.1/thumb/v6-m/nofp\libstdc++.a(cp-demangle.o)
 .text.d_unqualified_name
                0x100066ac      0x300 c:/vsarm/armcc/112202~1.02/bin/../lib/gcc/arm-none-eabi/11.2.1/thumb/v6-m/nofp\libstdc++.a(cp-demangle.o)
 .text.d_expr_primary
                0x100069ac      0x11c c:/vsarm/armcc/112202~1.02/bin/../lib/gcc/arm-none-eabi/11.2.1/thumb/v6-m/nofp\libstdc++.a(cp-demangle.o)
 .text.d_template_arg
                0x10006ac8       0x54 c:/vsarm/armcc/112202~1.02/bin/../lib/gcc/arm-none-eabi/11.2.1/thumb/v6-m/nofp\libstdc++.a(cp-demangle.o)
 .text.d_template_args_1
                0x10006b1c       0x60 c:/vsarm/armcc/112202~1.02/bin/../lib/gcc/arm-none-eabi/11.2.1/thumb/v6-m/nofp\libstdc++.a(cp-demangle.o)
 .text.d_prefix
                0x10006b7c       0xf0 c:/vsarm/armcc/112202~1.02/bin/../lib/gcc/arm-none-eabi/11.2.1/thumb/v6-m/nofp\libstdc++.a(cp-demangle.o)
 .text.d_expression_1
                0x10006c6c      0x51c c:/vsarm/armcc/112202~1.02/bin/../lib/gcc/arm-none-eabi/11.2.1/thumb/v6-m/nofp\libstdc++.a(cp-demangle.o)
 .text.d_exprlist
                0x10007188       0x70 c:/vsarm/armcc/112202~1.02/bin/../lib/gcc/arm-none-eabi/11.2.1/thumb/v6-m/nofp\libstdc++.a(cp-demangle.o)
 .text.d_cv_qualifiers
                0x100071f8      0x170 c:/vsarm/armcc/112202~1.02/bin/../lib/gcc/arm-none-eabi/11.2.1/thumb/v6-m/nofp\libstdc++.a(cp-demangle.o)
 .text.d_special_name
                0x10007368      0x3f0 c:/vsarm/armcc/112202~1.02/bin/../lib/gcc/arm-none-eabi/11.2.1/thumb/v6-m/nofp\libstdc++.a(cp-demangle.o)
 .text.d_name   0x10007758      0x294 c:/vsarm/armcc/112202~1.02/bin/../lib/gcc/arm-none-eabi/11.2.1/thumb/v6-m/nofp\libstdc++.a(cp-demangle.o)
 .text.d_encoding.part.0
                0x100079ec       0xf0 c:/vsarm/armcc/112202~1.02/bin/../lib/gcc/arm-none-eabi/11.2.1/thumb/v6-m/nofp\libstdc++.a(cp-demangle.o)
 .text.d_print_comp_inner
                0x10007adc     0x29cc c:/vsarm/armcc/112202~1.02/bin/../lib/gcc/arm-none-eabi/11.2.1/thumb/v6-m/nofp\libstdc++.a(cp-demangle.o)
 .text.d_print_comp
                0x1000a4a8       0x5c c:/vsarm/armcc/112202~1.02/bin/../lib/gcc/arm-none-eabi/11.2.1/thumb/v6-m/nofp\libstdc++.a(cp-demangle.o)
 .text.d_print_mod
                0x1000a504      0x6bc c:/vsarm/armcc/112202~1.02/bin/../lib/gcc/arm-none-eabi/11.2.1/thumb/v6-m/nofp\libstdc++.a(cp-demangle.o)
 .text.d_print_function_type
                0x1000abc0      0x240 c:/vsarm/armcc/112202~1.02/bin/../lib/gcc/arm-none-eabi/11.2.1/thumb/v6-m/nofp\libstdc++.a(cp-demangle.o)
 .text.d_print_mod_list
                0x1000ae00      0x2c4 c:/vsarm/armcc/112202~1.02/bin/../lib/gcc/arm-none-eabi/11.2.1/thumb/v6-m/nofp\libstdc++.a(cp-demangle.o)
 .text.d_print_array_type
                0x1000b0c4      0x208 c:/vsarm/armcc/112202~1.02/bin/../lib/gcc/arm-none-eabi/11.2.1/thumb/v6-m/nofp\libstdc++.a(cp-demangle.o)
 .text.d_print_expr_op
                0x1000b2cc       0x84 c:/vsarm/armcc/112202~1.02/bin/../lib/gcc/arm-none-eabi/11.2.1/thumb/v6-m/nofp\libstdc++.a(cp-demangle.o)
 .text.d_demangle_callback.constprop.0
                0x1000b350      0x3c0 c:/vsarm/armcc/112202~1.02/bin/../lib/gcc/arm-none-eabi/11.2.1/thumb/v6-m/nofp\libstdc++.a(cp-demangle.o)
 .text.d_print_subexpr
                0x1000b710      0x108 c:/vsarm/armcc/112202~1.02/bin/../lib/gcc/arm-none-eabi/11.2.1/thumb/v6-m/nofp\libstdc++.a(cp-demangle.o)
 .text.d_maybe_print_fold_expression
                0x1000b818      0x28c c:/vsarm/armcc/112202~1.02/bin/../lib/gcc/arm-none-eabi/11.2.1/thumb/v6-m/nofp\libstdc++.a(cp-demangle.o)
 .text.d_maybe_print_designated_init
                0x1000baa4      0x218 c:/vsarm/armcc/112202~1.02/bin/../lib/gcc/arm-none-eabi/11.2.1/thumb/v6-m/nofp\libstdc++.a(cp-demangle.o)
 .text.__cxa_demangle
                0x1000bcbc       0xd0 c:/vsarm/armcc/112202~1.02/bin/../lib/gcc/arm-none-eabi/11.2.1/thumb/v6-m/nofp\libstdc++.a(cp-demangle.o)
                0x1000bcbc                __cxa_demangle
 .text._ZN12_GLOBAL__N_14pool4freeEPv.constprop.0
                0x1000bd8c       0x74 c:/vsarm/armcc/112202~1.02/bin/../lib/gcc/arm-none-eabi/11.2.1/thumb/v6-m/nofp\libstdc++.a(eh_alloc.o)
 .text._ZN12_GLOBAL__N_14pool8allocateEj.constprop.0
                0x1000be00       0x50 c:/vsarm/armcc/112202~1.02/bin/../lib/gcc/arm-none-eabi/11.2.1/thumb/v6-m/nofp\libstdc++.a(eh_alloc.o)
 .text.__cxa_allocate_exception
                0x1000be50       0x2c c:/vsarm/armcc/112202~1.02/bin/../lib/gcc/arm-none-eabi/11.2.1/thumb/v6-m/nofp\libstdc++.a(eh_alloc.o)
                0x1000be50                __cxa_allocate_exception
 .text.__cxa_free_exception
                0x1000be7c       0x24 c:/vsarm/armcc/112202~1.02/bin/../lib/gcc/arm-none-eabi/11.2.1/thumb/v6-m/nofp\libstdc++.a(eh_alloc.o)
                0x1000be7c                __cxa_free_exception
 .text.startup._GLOBAL__sub_I__ZN9__gnu_cxx9__freeresEv
                0x1000bea0       0x2c c:/vsarm/armcc/112202~1.02/bin/../lib/gcc/arm-none-eabi/11.2.1/thumb/v6-m/nofp\libstdc++.a(eh_alloc.o)
 .text._ZN10__cxxabiv1L24__is_gxx_exception_classEPc
                0x1000becc       0x3c c:/vsarm/armcc/112202~1.02/bin/../lib/gcc/arm-none-eabi/11.2.1/thumb/v6-m/nofp\libstdc++.a(eh_call.o)
 .text.__cxa_call_terminate
                0x1000bf08       0x20 c:/vsarm/armcc/112202~1.02/bin/../lib/gcc/arm-none-eabi/11.2.1/thumb/v6-m/nofp\libstdc++.a(eh_call.o)
                0x1000bf08                __cxa_call_terminate
 .text.unlikely.__cxa_call_unexpected
                0x1000bf28      0x100 c:/vsarm/armcc/112202~1.02/bin/../lib/gcc/arm-none-eabi/11.2.1/thumb/v6-m/nofp\libstdc++.a(eh_call.o)
                0x1000bf28                __cxa_call_unexpected
 .text.__cxa_current_exception_type
                0x1000c028       0x20 c:/vsarm/armcc/112202~1.02/bin/../lib/gcc/arm-none-eabi/11.2.1/thumb/v6-m/nofp\libstdc++.a(eh_type.o)
                0x1000c028                __cxa_current_exception_type
 .text._ZNKSt11logic_error4whatEv
                0x1000c048        0x4 c:/vsarm/armcc/112202~1.02/bin/../lib/gcc/arm-none-eabi/11.2.1/thumb/v6-m/nofp\libstdc++.a(stdexcept.o)
                0x1000c048                _ZNKSt11logic_error4whatEv
                0x1000c048                _ZNKSt13runtime_error4whatEv
 .text._ZNSt11logic_errorD2Ev
                0x1000c04c       0x40 c:/vsarm/armcc/112202~1.02/bin/../lib/gcc/arm-none-eabi/11.2.1/thumb/v6-m/nofp\libstdc++.a(stdexcept.o)
                0x1000c04c                _ZNSt11logic_errorD1Ev
                0x1000c04c                _ZNSt11logic_errorD2Ev
 .text._ZNSt12length_errorD2Ev
                0x1000c08c       0x40 c:/vsarm/armcc/112202~1.02/bin/../lib/gcc/arm-none-eabi/11.2.1/thumb/v6-m/nofp\libstdc++.a(stdexcept.o)
                0x1000c08c                _ZNSt12length_errorD1Ev
                0x1000c08c                _ZNSt12length_errorD2Ev
 .text._ZNSt11logic_errorD0Ev
                0x1000c0cc       0x48 c:/vsarm/armcc/112202~1.02/bin/../lib/gcc/arm-none-eabi/11.2.1/thumb/v6-m/nofp\libstdc++.a(stdexcept.o)
                0x1000c0cc                _ZNSt11logic_errorD0Ev
 .text._ZNSt12length_errorD0Ev
                0x1000c114       0x48 c:/vsarm/armcc/112202~1.02/bin/../lib/gcc/arm-none-eabi/11.2.1/thumb/v6-m/nofp\libstdc++.a(stdexcept.o)
                0x1000c114                _ZNSt12length_errorD0Ev
 .text._ZNSt11logic_errorC2EPKc
                0x1000c15c       0x88 c:/vsarm/armcc/112202~1.02/bin/../lib/gcc/arm-none-eabi/11.2.1/thumb/v6-m/nofp\libstdc++.a(cow-stdexcept.o)
                0x1000c15c                _ZNSt11logic_errorC1EPKc
                0x1000c15c                _ZNSt11logic_errorC2EPKc
 .text._ZNSt12length_errorC2EPKc
                0x1000c1e4       0x14 c:/vsarm/armcc/112202~1.02/bin/../lib/gcc/arm-none-eabi/11.2.1/thumb/v6-m/nofp\libstdc++.a(cow-stdexcept.o)
                0x1000c1e4                _ZNSt12length_errorC1EPKc
                0x1000c1e4                _ZNSt12length_errorC2EPKc
 .text._ZNSs4_Rep9_S_createEjjRKSaIcE
                0x1000c1f8       0x78 c:/vsarm/armcc/112202~1.02/bin/../lib/gcc/arm-none-eabi/11.2.1/thumb/v6-m/nofp\libstdc++.a(cow-string-inst.o)
                0x1000c1f8                _ZNSs4_Rep9_S_createEjjRKSaIcE
 .text._ZNSs4_Rep10_M_destroyERKSaIcE
                0x1000c270        0x8 c:/vsarm/armcc/112202~1.02/bin/../lib/gcc/arm-none-eabi/11.2.1/thumb/v6-m/nofp\libstdc++.a(cow-string-inst.o)
                0x1000c270                _ZNSs4_Rep10_M_destroyERKSaIcE
 .text.abort    0x1000c278       0x10 c:/vsarm/armcc/112202~1.02/bin/../lib/gcc/arm-none-eabi/11.2.1/thumb/v6-m/nofp\libg.a(lib_a-abort.o)
                0x1000c278                abort
 .text.fputc    0x1000c288       0x2c c:/vsarm/armcc/112202~1.02/bin/../lib/gcc/arm-none-eabi/11.2.1/thumb/v6-m/nofp\libg.a(lib_a-fputc.o)
                0x1000c288                fputc
 .text._fputs_r
                0x1000c2b4       0x58 c:/vsarm/armcc/112202~1.02/bin/../lib/gcc/arm-none-eabi/11.2.1/thumb/v6-m/nofp\libg.a(lib_a-fputs.o)
                0x1000c2b4                _fputs_r
 .text.fputs    0x1000c30c       0x18 c:/vsarm/armcc/112202~1.02/bin/../lib/gcc/arm-none-eabi/11.2.1/thumb/v6-m/nofp\libg.a(lib_a-fputs.o)
                0x1000c30c                fputs
 .text.__sfvwrite_r
                0x1000c324      0x2f4 c:/vsarm/armcc/112202~1.02/bin/../lib/gcc/arm-none-eabi/11.2.1/thumb/v6-m/nofp\libg.a(lib_a-fvwrite.o)
                0x1000c324                __sfvwrite_r
 .text.fwrite   0x1000c618       0x80 c:/vsarm/armcc/112202~1.02/bin/../lib/gcc/arm-none-eabi/11.2.1/thumb/v6-m/nofp\libg.a(lib_a-fwrite.o)
                0x1000c618                fwrite
 .text.malloc   0x1000c698       0x14 c:/vsarm/armcc/112202~1.02/bin/../lib/gcc/arm-none-eabi/11.2.1/thumb/v6-m/nofp\libg.a(lib_a-malloc.o)
                0x1000c698                malloc
 .text.free     0x1000c6ac       0x14 c:/vsarm/armcc/112202~1.02/bin/../lib/gcc/arm-none-eabi/11.2.1/thumb/v6-m/nofp\libg.a(lib_a-malloc.o)
                0x1000c6ac                free
 .text._malloc_r
                0x1000c6c0      0x57c c:/vsarm/armcc/112202~1.02/bin/../lib/gcc/arm-none-eabi/11.2.1/thumb/v6-m/nofp\libg.a(lib_a-mallocr.o)
                0x1000c6c0                _malloc_r
 .text.memchr   0x1000cc3c       0x74 c:/vsarm/armcc/112202~1.02/bin/../lib/gcc/arm-none-eabi/11.2.1/thumb/v6-m/nofp\libg.a(lib_a-memchr-stub.o)
                0x1000cc3c                memchr
 .text.memcmp   0x1000ccb0       0x48 c:/vsarm/armcc/112202~1.02/bin/../lib/gcc/arm-none-eabi/11.2.1/thumb/v6-m/nofp\libg.a(lib_a-memcmp.o)
                0x1000ccb0                memcmp
 .text.memmove  0x1000ccf8       0xac c:/vsarm/armcc/112202~1.02/bin/../lib/gcc/arm-none-eabi/11.2.1/thumb/v6-m/nofp\libg.a(lib_a-memmove.o)
                0x1000ccf8                memmove
 .text.__malloc_lock
                0x1000cda4        0x4 c:/vsarm/armcc/112202~1.02/bin/../lib/gcc/arm-none-eabi/11.2.1/thumb/v6-m/nofp\libg.a(lib_a-mlock.o)
                0x1000cda4                __malloc_lock
 .text.__malloc_unlock
                0x1000cda8        0x4 c:/vsarm/armcc/112202~1.02/bin/../lib/gcc/arm-none-eabi/11.2.1/thumb/v6-m/nofp\libg.a(lib_a-mlock.o)
                0x1000cda8                __malloc_unlock
 .text._putc_r  0x1000cdac       0x48 c:/vsarm/armcc/112202~1.02/bin/../lib/gcc/arm-none-eabi/11.2.1/thumb/v6-m/nofp\libg.a(lib_a-putc.o)
                0x1000cdac                _putc_r
 .text.realloc  0x1000cdf4       0x18 c:/vsarm/armcc/112202~1.02/bin/../lib/gcc/arm-none-eabi/11.2.1/thumb/v6-m/nofp\libg.a(lib_a-realloc.o)
                0x1000cdf4                realloc
 .text._realloc_r
                0x1000ce0c      0x368 c:/vsarm/armcc/112202~1.02/bin/../lib/gcc/arm-none-eabi/11.2.1/thumb/v6-m/nofp\libg.a(lib_a-reallocr.o)
                0x1000ce0c                _realloc_r
 .text._sbrk_r  0x1000d174       0x24 c:/vsarm/armcc/112202~1.02/bin/../lib/gcc/arm-none-eabi/11.2.1/thumb/v6-m/nofp\libg.a(lib_a-sbrkr.o)
                0x1000d174                _sbrk_r
 .text.raise    0x1000d198       0x60 c:/vsarm/armcc/112202~1.02/bin/../lib/gcc/arm-none-eabi/11.2.1/thumb/v6-m/nofp\libg.a(lib_a-signal.o)
                0x1000d198                raise
 .text._kill_r  0x1000d1f8       0x28 c:/vsarm/armcc/112202~1.02/bin/../lib/gcc/arm-none-eabi/11.2.1/thumb/v6-m/nofp\libg.a(lib_a-signalr.o)
                0x1000d1f8                _kill_r
 .text._getpid_r
                0x1000d220        0x8 c:/vsarm/armcc/112202~1.02/bin/../lib/gcc/arm-none-eabi/11.2.1/thumb/v6-m/nofp\libg.a(lib_a-signalr.o)
                0x1000d220                _getpid_r
 .text          0x1000d228       0x88 c:/vsarm/armcc/112202~1.02/bin/../lib/gcc/arm-none-eabi/11.2.1/thumb/v6-m/nofp\libg.a(lib_a-strcmp.o)
                0x1000d228                strcmp
 .text.strlen   0x1000d2b0       0x5c c:/vsarm/armcc/112202~1.02/bin/../lib/gcc/arm-none-eabi/11.2.1/thumb/v6-m/nofp\libg.a(lib_a-strlen-stub.o)
                0x1000d2b0                strlen
 .text.strncmp  0x1000d30c       0x74 c:/vsarm/armcc/112202~1.02/bin/../lib/gcc/arm-none-eabi/11.2.1/thumb/v6-m/nofp\libg.a(lib_a-strncmp.o)
                0x1000d30c                strncmp
 .text.__swbuf_r
                0x1000d380       0xc8 c:/vsarm/armcc/112202~1.02/bin/../lib/gcc/arm-none-eabi/11.2.1/thumb/v6-m/nofp\libg.a(lib_a-wbuf.o)
                0x1000d380                __swbuf_r
 .text.__swsetup_r
                0x1000d448       0xdc c:/vsarm/armcc/112202~1.02/bin/../lib/gcc/arm-none-eabi/11.2.1/thumb/v6-m/nofp\libg.a(lib_a-wsetup.o)
                0x1000d448                __swsetup_r
 .text._close_r
                0x1000d524       0x24 c:/vsarm/armcc/112202~1.02/bin/../lib/gcc/arm-none-eabi/11.2.1/thumb/v6-m/nofp\libg.a(lib_a-closer.o)
                0x1000d524                _close_r
 .text.__sflush_r
                0x1000d548      0x134 c:/vsarm/armcc/112202~1.02/bin/../lib/gcc/arm-none-eabi/11.2.1/thumb/v6-m/nofp\libg.a(lib_a-fflush.o)
                0x1000d548                __sflush_r
 .text._fflush_r
                0x1000d67c       0x2c c:/vsarm/armcc/112202~1.02/bin/../lib/gcc/arm-none-eabi/11.2.1/thumb/v6-m/nofp\libg.a(lib_a-fflush.o)
                0x1000d67c                _fflush_r
 .text._cleanup_r
                0x1000d6a8       0x10 c:/vsarm/armcc/112202~1.02/bin/../lib/gcc/arm-none-eabi/11.2.1/thumb/v6-m/nofp\libg.a(lib_a-findfp.o)
                0x1000d6a8                _cleanup_r
 .text.__sinit.part.0
                0x1000d6b8       0xe8 c:/vsarm/armcc/112202~1.02/bin/../lib/gcc/arm-none-eabi/11.2.1/thumb/v6-m/nofp\libg.a(lib_a-findfp.o)
 .text.__sinit  0x1000d7a0       0x10 c:/vsarm/armcc/112202~1.02/bin/../lib/gcc/arm-none-eabi/11.2.1/thumb/v6-m/nofp\libg.a(lib_a-findfp.o)
                0x1000d7a0                __sinit
 .text.__sfp_lock_acquire
                0x1000d7b0        0x4 c:/vsarm/armcc/112202~1.02/bin/../lib/gcc/arm-none-eabi/11.2.1/thumb/v6-m/nofp\libg.a(lib_a-findfp.o)
                0x1000d7b0                __sfp_lock_acquire
 .text.__sfp_lock_release
                0x1000d7b4        0x4 c:/vsarm/armcc/112202~1.02/bin/../lib/gcc/arm-none-eabi/11.2.1/thumb/v6-m/nofp\libg.a(lib_a-findfp.o)
                0x1000d7b4                __sfp_lock_release
 .text._malloc_trim_r
                0x1000d7b8       0x9c c:/vsarm/armcc/112202~1.02/bin/../lib/gcc/arm-none-eabi/11.2.1/thumb/v6-m/nofp\libg.a(lib_a-freer.o)
                0x1000d7b8                _malloc_trim_r
 .text._free_r  0x1000d854      0x1bc c:/vsarm/armcc/112202~1.02/bin/../lib/gcc/arm-none-eabi/11.2.1/thumb/v6-m/nofp\libg.a(lib_a-freer.o)
                0x1000d854                _free_r
 .text._fwalk_reent
                0x1000da10       0x48 c:/vsarm/armcc/112202~1.02/bin/../lib/gcc/arm-none-eabi/11.2.1/thumb/v6-m/nofp\libg.a(lib_a-fwalk.o)
                0x1000da10                _fwalk_reent
 .text.__smakebuf_r
                0x1000da58       0xe4 c:/vsarm/armcc/112202~1.02/bin/../lib/gcc/arm-none-eabi/11.2.1/thumb/v6-m/nofp\libg.a(lib_a-makebuf.o)
                0x1000da58                __smakebuf_r
 .text.__sread  0x1000db3c       0x28 c:/vsarm/armcc/112202~1.02/bin/../lib/gcc/arm-none-eabi/11.2.1/thumb/v6-m/nofp\libg.a(lib_a-stdio.o)
                0x1000db3c                __sread
 .text.__swrite
                0x1000db64       0x40 c:/vsarm/armcc/112202~1.02/bin/../lib/gcc/arm-none-eabi/11.2.1/thumb/v6-m/nofp\libg.a(lib_a-stdio.o)
                0x1000db64                __swrite
 .text.__sseek  0x1000dba4       0x2c c:/vsarm/armcc/112202~1.02/bin/../lib/gcc/arm-none-eabi/11.2.1/thumb/v6-m/nofp\libg.a(lib_a-stdio.o)
                0x1000dba4                __sseek
 .text.__sclose
                0x1000dbd0        0xc c:/vsarm/armcc/112202~1.02/bin/../lib/gcc/arm-none-eabi/11.2.1/thumb/v6-m/nofp\libg.a(lib_a-stdio.o)
                0x1000dbd0                __sclose
 .text._write_r
                0x1000dbdc       0x28 c:/vsarm/armcc/112202~1.02/bin/../lib/gcc/arm-none-eabi/11.2.1/thumb/v6-m/nofp\libg.a(lib_a-writer.o)
                0x1000dbdc                _write_r
 .text._fclose_r
                0x1000dc04       0x98 c:/vsarm/armcc/112202~1.02/bin/../lib/gcc/arm-none-eabi/11.2.1/thumb/v6-m/nofp\libg.a(lib_a-fclose.o)
                0x1000dc04                _fclose_r
 .text._fstat_r
                0x1000dc9c       0x28 c:/vsarm/armcc/112202~1.02/bin/../lib/gcc/arm-none-eabi/11.2.1/thumb/v6-m/nofp\libg.a(lib_a-fstatr.o)
                0x1000dc9c                _fstat_r
 .text._isatty_r
                0x1000dcc4       0x24 c:/vsarm/armcc/112202~1.02/bin/../lib/gcc/arm-none-eabi/11.2.1/thumb/v6-m/nofp\libg.a(lib_a-isattyr.o)
                0x1000dcc4                _isatty_r
 .text._lseek_r
                0x1000dce8       0x28 c:/vsarm/armcc/112202~1.02/bin/../lib/gcc/arm-none-eabi/11.2.1/thumb/v6-m/nofp\libg.a(lib_a-lseekr.o)
                0x1000dce8                _lseek_r
 .text._read_r  0x1000dd10       0x28 c:/vsarm/armcc/112202~1.02/bin/../lib/gcc/arm-none-eabi/11.2.1/thumb/v6-m/nofp\libg.a(lib_a-readr.o)
                0x1000dd10                _read_r
 .text._close   0x1000dd38       0x10 c:/vsarm/armcc/112202~1.02/bin/../lib/gcc/arm-none-eabi/11.2.1/thumb/v6-m/nofp\libnosys.a(close.o)
                0x1000dd38                _close
 .text._fstat   0x1000dd48       0x10 c:/vsarm/armcc/112202~1.02/bin/../lib/gcc/arm-none-eabi/11.2.1/thumb/v6-m/nofp\libnosys.a(fstat.o)
                0x1000dd48                _fstat
 .text._getpid  0x1000dd58       0x10 c:/vsarm/armcc/112202~1.02/bin/../lib/gcc/arm-none-eabi/11.2.1/thumb/v6-m/nofp\libnosys.a(getpid.o)
                0x1000dd58                _getpid
 .text._isatty  0x1000dd68       0x10 c:/vsarm/armcc/112202~1.02/bin/../lib/gcc/arm-none-eabi/11.2.1/thumb/v6-m/nofp\libnosys.a(isatty.o)
                0x1000dd68                _isatty
 .text._kill    0x1000dd78       0x10 c:/vsarm/armcc/112202~1.02/bin/../lib/gcc/arm-none-eabi/11.2.1/thumb/v6-m/nofp\libnosys.a(kill.o)
                0x1000dd78                _kill
 .text._lseek   0x1000dd88       0x10 c:/vsarm/armcc/112202~1.02/bin/../lib/gcc/arm-none-eabi/11.2.1/thumb/v6-m/nofp\libnosys.a(lseek.o)
                0x1000dd88                _lseek
 *(.fini)
 .fini          0x1000dd98        0x4 c:/vsarm/armcc/112202~1.02/bin/../lib/gcc/arm-none-eabi/11.2.1/thumb/v6-m/nofp/crti.o
                0x1000dd98                _fini
 *fill*         0x1000dd9c        0x4 
 .fini.__stub   0x1000dda0      0x130 linker stubs
 *crtbegin.o(.ctors)
 *crtbegin?.o(.ctors)
 *(EXCLUDE_FILE(*crtend.o *crtend?.o) .ctors)
 *(SORT_BY_NAME(.ctors.*))
 *(.ctors)
 *crtbegin.o(.dtors)
 *crtbegin?.o(.dtors)
 *(EXCLUDE_FILE(*crtend.o *crtend?.o) .dtors)
 *(SORT_BY_NAME(.dtors.*))
 *(.dtors)
 *(.eh_frame*)
 .eh_frame      0x1000ded0        0x0 c:/vsarm/armcc/112202~1.02/bin/../lib/gcc/arm-none-eabi/11.2.1/thumb/v6-m/nofp/crtbegin.o
                0x1000ded0                . = ALIGN (0x4)

.glue_7         0x1000ded0        0x0
 .glue_7        0x1000ded0        0x0 linker stubs

.glue_7t        0x1000ded0        0x0
 .glue_7t       0x1000ded0        0x0 linker stubs

.vfp11_veneer   0x1000ded0        0x0
 .vfp11_veneer  0x1000ded0        0x0 linker stubs

.v4_bx          0x1000ded0        0x0
 .v4_bx         0x1000ded0        0x0 linker stubs

.iplt           0x1000ded0        0x0
 .iplt          0x1000ded0        0x0 c:/vsarm/armcc/112202~1.02/bin/../lib/gcc/arm-none-eabi/11.2.1/thumb/v6-m/nofp/crtbegin.o

.rodata         0x1000ded0     0x2c74
 *(EXCLUDE_FILE(*libm.a: *libc.a:*lib_a-mem*.o *libgcc.a:) .rodata*)
 .rodata._ZZNSt8__detail18__to_chars_10_implIjEEvPcjT_E8__digits
                0x1000ded0       0xc9 CMakeFiles/picokey_serial_device.dir/main.cpp.obj
                0x1000ded0                _ZZNSt8__detail18__to_chars_10_implIjEEvPcjT_E8__digits
 *fill*         0x1000df99        0x3 
 .rodata.repeating_timer_callback.str1.4
                0x1000df9c       0x4b CMakeFiles/picokey_serial_device.dir/C_/VSARM/sdk/pico/pico-sdk/src/common/pico_time/time.c.obj
 *fill*         0x1000dfe7        0x1 
 .rodata.alarm_pool_dump_key.str1.4
                0x1000dfe8       0x33 CMakeFiles/picokey_serial_device.dir/C_/VSARM/sdk/pico/pico-sdk/src/common/pico_time/time.c.obj
 *fill*         0x1000e01b        0x1 
 .rodata.ph_add_child_node.str1.4
                0x1000e01c       0x96 CMakeFiles/picokey_serial_device.dir/C_/VSARM/sdk/pico/pico-sdk/src/common/pico_time/time.c.obj
 *fill*         0x1000e0b2        0x2 
 .rodata.add_alarm_under_lock.str1.4
                0x1000e0b4       0x28 CMakeFiles/picokey_serial_device.dir/C_/VSARM/sdk/pico/pico-sdk/src/common/pico_time/time.c.obj
                                 0x2b (size before relaxing)
 .rodata.alarm_pool_alarm_callback.str1.4
                0x1000e0dc       0xe6 CMakeFiles/picokey_serial_device.dir/C_/VSARM/sdk/pico/pico-sdk/src/common/pico_time/time.c.obj
 *fill*         0x1000e1c2        0x2 
 .rodata.alarm_pool_get_default.str1.4
                0x1000e1c4       0x21 CMakeFiles/picokey_serial_device.dir/C_/VSARM/sdk/pico/pico-sdk/src/common/pico_time/time.c.obj
 *fill*         0x1000e1e5        0x3 
 .rodata.sleep_until.str1.4
                0x1000e1e8       0x4d CMakeFiles/picokey_serial_device.dir/C_/VSARM/sdk/pico/pico-sdk/src/common/pico_time/time.c.obj
 *fill*         0x1000e235        0x3 
 .rodata.__func__.10
                0x1000e238       0x15 CMakeFiles/picokey_serial_device.dir/C_/VSARM/sdk/pico/pico-sdk/src/common/pico_time/time.c.obj
 *fill*         0x1000e24d        0x3 
 .rodata.__func__.11
                0x1000e250       0x1a CMakeFiles/picokey_serial_device.dir/C_/VSARM/sdk/pico/pico-sdk/src/common/pico_time/time.c.obj
 *fill*         0x1000e26a        0x2 
 .rodata.__func__.12
                0x1000e26c        0xa CMakeFiles/picokey_serial_device.dir/C_/VSARM/sdk/pico/pico-sdk/src/common/pico_time/time.c.obj
 *fill*         0x1000e276        0x2 
 .rodata.__func__.3
                0x1000e278       0x17 CMakeFiles/picokey_serial_device.dir/C_/VSARM/sdk/pico/pico-sdk/src/common/pico_time/time.c.obj
 *fill*         0x1000e28f        0x1 
 .rodata.__func__.4
                0x1000e290       0x12 CMakeFiles/picokey_serial_device.dir/C_/VSARM/sdk/pico/pico-sdk/src/common/pico_time/time.c.obj
 *fill*         0x1000e2a2        0x2 
 .rodata.__func__.5
                0x1000e2a4        0xd CMakeFiles/picokey_serial_device.dir/C_/VSARM/sdk/pico/pico-sdk/src/common/pico_time/time.c.obj
 *fill*         0x1000e2b1        0x3 
 .rodata.__func__.6
                0x1000e2b4       0x12 CMakeFiles/picokey_serial_device.dir/C_/VSARM/sdk/pico/pico-sdk/src/common/pico_time/time.c.obj
 *fill*         0x1000e2c6        0x2 
 .rodata.__func__.7
                0x1000e2c8        0xf CMakeFiles/picokey_serial_device.dir/C_/VSARM/sdk/pico/pico-sdk/src/common/pico_time/time.c.obj
 *fill*         0x1000e2d7        0x1 
 .rodata.__func__.8
                0x1000e2d8        0xc CMakeFiles/picokey_serial_device.dir/C_/VSARM/sdk/pico/pico-sdk/src/common/pico_time/time.c.obj
 .rodata.__func__.9
                0x1000e2e4       0x15 CMakeFiles/picokey_serial_device.dir/C_/VSARM/sdk/pico/pico-sdk/src/common/pico_time/time.c.obj
 *fill*         0x1000e2f9        0x7 
 .rodata.at_the_end_of_time
                0x1000e300        0x8 CMakeFiles/picokey_serial_device.dir/C_/VSARM/sdk/pico/pico-sdk/src/common/pico_time/time.c.obj
                0x1000e300                at_the_end_of_time
 .rodata.hardware_alarm_claim.str1.4
                0x1000e308       0x22 CMakeFiles/picokey_serial_device.dir/C_/VSARM/sdk/pico/pico-sdk/src/rp2_common/hardware_timer/timer.c.obj
 .rodata.busy_wait_us.str1.4
                0x1000e32a       0x61 CMakeFiles/picokey_serial_device.dir/C_/VSARM/sdk/pico/pico-sdk/src/rp2_common/hardware_timer/timer.c.obj
 *fill*         0x1000e32a        0x2 
 .rodata.hardware_alarm_set_target.str1.4
                0x1000e32c       0x65 CMakeFiles/picokey_serial_device.dir/C_/VSARM/sdk/pico/pico-sdk/src/rp2_common/hardware_timer/timer.c.obj
 *fill*         0x1000e391        0x3 
 .rodata.__func__.0
                0x1000e394       0x1a CMakeFiles/picokey_serial_device.dir/C_/VSARM/sdk/pico/pico-sdk/src/rp2_common/hardware_timer/timer.c.obj
 *fill*         0x1000e3ae        0x2 
 .rodata.__func__.1
                0x1000e3b0       0x15 CMakeFiles/picokey_serial_device.dir/C_/VSARM/sdk/pico/pico-sdk/src/rp2_common/hardware_timer/timer.c.obj
 *fill*         0x1000e3c5        0x3 
 .rodata.str1.4
                0x1000e3c8       0x89 CMakeFiles/picokey_serial_device.dir/C_/VSARM/sdk/pico/pico-sdk/src/common/pico_sync/mutex.c.obj
                                 0xed (size before relaxing)
 *fill*         0x1000e451        0x3 
 .rodata.__func__.1
                0x1000e454        0xb CMakeFiles/picokey_serial_device.dir/C_/VSARM/sdk/pico/pico-sdk/src/common/pico_sync/mutex.c.obj
 .rodata.ph_add_child_node.str1.4
                0x1000e45f       0x96 CMakeFiles/picokey_serial_device.dir/C_/VSARM/sdk/pico/pico-sdk/src/common/pico_util/pheap.c.obj
 *fill*         0x1000e45f        0x1 
 .rodata.ph_remove_any_head.str1.4
                0x1000e460       0x8c CMakeFiles/picokey_serial_device.dir/C_/VSARM/sdk/pico/pico-sdk/src/common/pico_util/pheap.c.obj
 .rodata.ph_remove_and_free_node.str1.4
                0x1000e4ec       0x26 CMakeFiles/picokey_serial_device.dir/C_/VSARM/sdk/pico/pico-sdk/src/common/pico_util/pheap.c.obj
 *fill*         0x1000e512        0x2 
 .rodata.__func__.0
                0x1000e514       0x18 CMakeFiles/picokey_serial_device.dir/C_/VSARM/sdk/pico/pico-sdk/src/common/pico_util/pheap.c.obj
 .rodata.__func__.1
                0x1000e52c       0x13 CMakeFiles/picokey_serial_device.dir/C_/VSARM/sdk/pico/pico-sdk/src/common/pico_util/pheap.c.obj
 *fill*         0x1000e53f        0x1 
 .rodata.__func__.2
                0x1000e540       0x12 CMakeFiles/picokey_serial_device.dir/C_/VSARM/sdk/pico/pico-sdk/src/common/pico_util/pheap.c.obj
 *fill*         0x1000e552        0x2 
 .rodata.__func__.3
                0x1000e554        0xc CMakeFiles/picokey_serial_device.dir/C_/VSARM/sdk/pico/pico-sdk/src/common/pico_util/pheap.c.obj
 .rodata.__assert_func.str1.4
                0x1000e560       0x3f CMakeFiles/picokey_serial_device.dir/C_/VSARM/sdk/pico/pico-sdk/src/rp2_common/pico_runtime/runtime.c.obj
                                 0x43 (size before relaxing)
 *fill*         0x1000e59f        0x1 
 .rodata.runtime_init.str1.4
                0x1000e5a0       0x61 CMakeFiles/picokey_serial_device.dir/C_/VSARM/sdk/pico/pico-sdk/src/rp2_common/pico_runtime/runtime.c.obj
 *fill*         0x1000e601        0x3 
 .rodata.panic.str1.4
                0x1000e604       0x10 CMakeFiles/picokey_serial_device.dir/C_/VSARM/sdk/pico/pico-sdk/src/rp2_common/pico_runtime/runtime.c.obj
                                 0x12 (size before relaxing)
 .rodata.__func__.1
                0x1000e614        0xd CMakeFiles/picokey_serial_device.dir/C_/VSARM/sdk/pico/pico-sdk/src/rp2_common/pico_runtime/runtime.c.obj
 *fill*         0x1000e621        0x3 
 .rodata.clock_configure.str1.4
                0x1000e624       0x57 CMakeFiles/picokey_serial_device.dir/C_/VSARM/sdk/pico/pico-sdk/src/rp2_common/hardware_clocks/clocks.c.obj
 *fill*         0x1000e67b        0x1 
 .rodata.__func__.1
                0x1000e67c       0x10 CMakeFiles/picokey_serial_device.dir/C_/VSARM/sdk/pico/pico-sdk/src/rp2_common/hardware_clocks/clocks.c.obj
 .rodata.make_branch.str1.4
                0x1000e68c       0x4d CMakeFiles/picokey_serial_device.dir/C_/VSARM/sdk/pico/pico-sdk/src/rp2_common/hardware_irq/irq.c.obj
 *fill*         0x1000e6d9        0x3 
 .rodata.irq_set_exclusive_handler.str1.4
                0x1000e6dc       0x36 CMakeFiles/picokey_serial_device.dir/C_/VSARM/sdk/pico/pico-sdk/src/rp2_common/hardware_irq/irq.c.obj
 *fill*         0x1000e712        0x2 
 .rodata.irq_add_shared_handler.str1.4
                0x1000e714       0xd9 CMakeFiles/picokey_serial_device.dir/C_/VSARM/sdk/pico/pico-sdk/src/rp2_common/hardware_irq/irq.c.obj
 *fill*         0x1000e7ed        0x3 
 .rodata.irq_remove_handler.str1.4
                0x1000e7f0       0x2a CMakeFiles/picokey_serial_device.dir/C_/VSARM/sdk/pico/pico-sdk/src/rp2_common/hardware_irq/irq.c.obj
 *fill*         0x1000e81a        0x2 
 .rodata.irq_add_tail_to_free_list.str1.4
                0x1000e81c       0x32 CMakeFiles/picokey_serial_device.dir/C_/VSARM/sdk/pico/pico-sdk/src/rp2_common/hardware_irq/irq.c.obj
                                 0x3a (size before relaxing)
 *fill*         0x1000e84e        0x2 
 .rodata.__func__.0
                0x1000e850       0x1a CMakeFiles/picokey_serial_device.dir/C_/VSARM/sdk/pico/pico-sdk/src/rp2_common/hardware_irq/irq.c.obj
 *fill*         0x1000e86a        0x2 
 .rodata.__func__.1
                0x1000e86c       0x17 CMakeFiles/picokey_serial_device.dir/C_/VSARM/sdk/pico/pico-sdk/src/rp2_common/hardware_irq/irq.c.obj
 *fill*         0x1000e883        0x1 
 .rodata.__func__.2
                0x1000e884       0x13 CMakeFiles/picokey_serial_device.dir/C_/VSARM/sdk/pico/pico-sdk/src/rp2_common/hardware_irq/irq.c.obj
 *fill*         0x1000e897        0x1 
 .rodata.__func__.3
                0x1000e898        0xc CMakeFiles/picokey_serial_device.dir/C_/VSARM/sdk/pico/pico-sdk/src/rp2_common/hardware_irq/irq.c.obj
 .rodata.__func__.4
                0x1000e8a4        0xf CMakeFiles/picokey_serial_device.dir/C_/VSARM/sdk/pico/pico-sdk/src/rp2_common/hardware_irq/irq.c.obj
 *fill*         0x1000e8b3        0x1 
 .rodata.__func__.6
                0x1000e8b4       0x1a CMakeFiles/picokey_serial_device.dir/C_/VSARM/sdk/pico/pico-sdk/src/rp2_common/hardware_irq/irq.c.obj
 *fill*         0x1000e8ce        0x2 
 .rodata.pll_init.str1.4
                0x1000e8d0       0xdb CMakeFiles/picokey_serial_device.dir/C_/VSARM/sdk/pico/pico-sdk/src/rp2_common/hardware_pll/pll.c.obj
 *fill*         0x1000e9ab        0x1 
 .rodata.__func__.0
                0x1000e9ac        0x9 CMakeFiles/picokey_serial_device.dir/C_/VSARM/sdk/pico/pico-sdk/src/rp2_common/hardware_pll/pll.c.obj
 *fill*         0x1000e9b5        0x3 
 .rodata._ftoa.str1.4
                0x1000e9b8       0x15 CMakeFiles/picokey_serial_device.dir/C_/VSARM/sdk/pico/pico-sdk/src/rp2_common/pico_printf/printf.c.obj
 *fill*         0x1000e9cd        0x3 
 .rodata._vsnprintf
                0x1000e9d0      0x19c CMakeFiles/picokey_serial_device.dir/C_/VSARM/sdk/pico/pico-sdk/src/rp2_common/pico_printf/printf.c.obj
 *fill*         0x1000eb6c        0x4 
 .rodata.pow10.0
                0x1000eb70       0x50 CMakeFiles/picokey_serial_device.dir/C_/VSARM/sdk/pico/pico-sdk/src/rp2_common/pico_printf/printf.c.obj
 .rodata.__aeabi_double_init.str1.4
                0x1000ebc0       0xa8 CMakeFiles/picokey_serial_device.dir/C_/VSARM/sdk/pico/pico-sdk/src/rp2_common/pico_double/double_init_rom.c.obj
 .rodata.__func__.0
                0x1000ec68       0x14 CMakeFiles/picokey_serial_device.dir/C_/VSARM/sdk/pico/pico-sdk/src/rp2_common/pico_double/double_init_rom.c.obj
 .rodata.__aeabi_float_init.str1.4
                0x1000ec7c       0x7a CMakeFiles/picokey_serial_device.dir/C_/VSARM/sdk/pico/pico-sdk/src/rp2_common/pico_float/float_init_rom.c.obj
                                 0x7e (size before relaxing)
 *fill*         0x1000ecf6        0x2 
 .rodata.__func__.0
                0x1000ecf8       0x13 CMakeFiles/picokey_serial_device.dir/C_/VSARM/sdk/pico/pico-sdk/src/rp2_common/pico_float/float_init_rom.c.obj
 *fill*         0x1000ed0b        0x1 
 .rodata.__wrap_malloc.str1.4
                0x1000ed0c        0xe CMakeFiles/picokey_serial_device.dir/C_/VSARM/sdk/pico/pico-sdk/src/rp2_common/pico_malloc/pico_malloc.c.obj
 *fill*         0x1000ed1a        0x2 
 .rodata.str1.4
                0x1000ed1c       0x4c CMakeFiles/picokey_serial_device.dir/C_/VSARM/sdk/pico/pico-sdk/src/rp2_common/pico_standard_link/binary_info.c.obj
 .rodata.__bi_44
                0x1000ed68        0xc CMakeFiles/picokey_serial_device.dir/C_/VSARM/sdk/pico/pico-sdk/src/rp2_common/pico_standard_link/binary_info.c.obj
 .rodata.__bi_75
                0x1000ed74        0xc CMakeFiles/picokey_serial_device.dir/C_/VSARM/sdk/pico/pico-sdk/src/rp2_common/pico_standard_link/binary_info.c.obj
 .rodata.__bi_81
                0x1000ed80        0xc CMakeFiles/picokey_serial_device.dir/C_/VSARM/sdk/pico/pico-sdk/src/rp2_common/pico_standard_link/binary_info.c.obj
 .rodata.crlf_str.3
                0x1000ed8c        0x2 CMakeFiles/picokey_serial_device.dir/C_/VSARM/sdk/pico/pico-sdk/src/rp2_common/pico_stdio/stdio.c.obj
 *fill*         0x1000ed8e        0x2 
 .rodata.str1.4
                0x1000ed90       0x2c CMakeFiles/picokey_serial_device.dir/C_/VSARM/sdk/pico/pico-sdk/src/rp2_common/pico_stdio_uart/stdio_uart.c.obj
 .rodata.__bi_28.4
                0x1000edbc        0xc CMakeFiles/picokey_serial_device.dir/C_/VSARM/sdk/pico/pico-sdk/src/rp2_common/pico_stdio_uart/stdio_uart.c.obj
 .rodata.__bi_29.5
                0x1000edc8        0x8 CMakeFiles/picokey_serial_device.dir/C_/VSARM/sdk/pico/pico-sdk/src/rp2_common/pico_stdio_uart/stdio_uart.c.obj
 .rodata.str1.4
                0x1000edd0      0x15a CMakeFiles/picokey_serial_device.dir/C_/VSARM/sdk/pico/pico-sdk/src/rp2_common/hardware_flash/flash.c.obj
 *fill*         0x1000ef2a        0x2 
 .rodata.__func__.1
                0x1000ef2c       0x14 CMakeFiles/picokey_serial_device.dir/C_/VSARM/sdk/pico/pico-sdk/src/rp2_common/hardware_flash/flash.c.obj
 .rodata.__func__.2
                0x1000ef40       0x12 CMakeFiles/picokey_serial_device.dir/C_/VSARM/sdk/pico/pico-sdk/src/rp2_common/hardware_flash/flash.c.obj
 *fill*         0x1000ef52        0x2 
 .rodata._ZNSt7__cxx1112basic_stringIcSt11char_traitsIcESaIcEE9_M_createERjj.str1.4
                0x1000ef54       0x18 c:/vsarm/armcc/112202~1.02/bin/../lib/gcc/arm-none-eabi/11.2.1/thumb/v6-m/nofp\libstdc++.a(string-inst.o)
 .rodata._ZNKSt13bad_exception4whatEv.str1.4
                0x1000ef6c       0x13 c:/vsarm/armcc/112202~1.02/bin/../lib/gcc/arm-none-eabi/11.2.1/thumb/v6-m/nofp\libstdc++.a(eh_exception.o)
 *fill*         0x1000ef7f        0x1 
 .rodata._ZTIN10__cxxabiv115__forced_unwindE
                0x1000ef80        0x8 c:/vsarm/armcc/112202~1.02/bin/../lib/gcc/arm-none-eabi/11.2.1/thumb/v6-m/nofp\libstdc++.a(eh_exception.o)
                0x1000ef80                _ZTIN10__cxxabiv115__forced_unwindE
 .rodata._ZTIN10__cxxabiv119__foreign_exceptionE
                0x1000ef88        0x8 c:/vsarm/armcc/112202~1.02/bin/../lib/gcc/arm-none-eabi/11.2.1/thumb/v6-m/nofp\libstdc++.a(eh_exception.o)
                0x1000ef88                _ZTIN10__cxxabiv119__foreign_exceptionE
 .rodata._ZTISt13bad_exception
                0x1000ef90        0xc c:/vsarm/armcc/112202~1.02/bin/../lib/gcc/arm-none-eabi/11.2.1/thumb/v6-m/nofp\libstdc++.a(eh_exception.o)
                0x1000ef90                _ZTISt13bad_exception
 .rodata._ZTISt9exception
                0x1000ef9c        0x8 c:/vsarm/armcc/112202~1.02/bin/../lib/gcc/arm-none-eabi/11.2.1/thumb/v6-m/nofp\libstdc++.a(eh_exception.o)
                0x1000ef9c                _ZTISt9exception
 .rodata._ZTSN10__cxxabiv115__forced_unwindE
                0x1000efa4       0x20 c:/vsarm/armcc/112202~1.02/bin/../lib/gcc/arm-none-eabi/11.2.1/thumb/v6-m/nofp\libstdc++.a(eh_exception.o)
                0x1000efa4                _ZTSN10__cxxabiv115__forced_unwindE
 .rodata._ZTSN10__cxxabiv119__foreign_exceptionE
                0x1000efc4       0x24 c:/vsarm/armcc/112202~1.02/bin/../lib/gcc/arm-none-eabi/11.2.1/thumb/v6-m/nofp\libstdc++.a(eh_exception.o)
                0x1000efc4                _ZTSN10__cxxabiv119__foreign_exceptionE
 .rodata._ZTSSt13bad_exception
                0x1000efe8       0x12 c:/vsarm/armcc/112202~1.02/bin/../lib/gcc/arm-none-eabi/11.2.1/thumb/v6-m/nofp\libstdc++.a(eh_exception.o)
                0x1000efe8                _ZTSSt13bad_exception
 *fill*         0x1000effa        0x2 
 .rodata._ZTSSt9exception
                0x1000effc        0xd c:/vsarm/armcc/112202~1.02/bin/../lib/gcc/arm-none-eabi/11.2.1/thumb/v6-m/nofp\libstdc++.a(eh_exception.o)
                0x1000effc                _ZTSSt9exception
 *fill*         0x1000f009        0x3 
 .rodata._ZTVSt13bad_exception
                0x1000f00c       0x14 c:/vsarm/armcc/112202~1.02/bin/../lib/gcc/arm-none-eabi/11.2.1/thumb/v6-m/nofp\libstdc++.a(eh_exception.o)
                0x1000f00c                _ZTVSt13bad_exception
 .rodata._ZL28read_encoded_value_with_basehjPKhPj
                0x1000f020       0x34 c:/vsarm/armcc/112202~1.02/bin/../lib/gcc/arm-none-eabi/11.2.1/thumb/v6-m/nofp\libstdc++.a(eh_personality.o)
 .rodata._ZTIN10__cxxabiv120__si_class_type_infoE
                0x1000f054        0xc c:/vsarm/armcc/112202~1.02/bin/../lib/gcc/arm-none-eabi/11.2.1/thumb/v6-m/nofp\libstdc++.a(si_class_type_info.o)
                0x1000f054                _ZTIN10__cxxabiv120__si_class_type_infoE
 .rodata._ZTSN10__cxxabiv120__si_class_type_infoE
                0x1000f060       0x25 c:/vsarm/armcc/112202~1.02/bin/../lib/gcc/arm-none-eabi/11.2.1/thumb/v6-m/nofp\libstdc++.a(si_class_type_info.o)
                0x1000f060                _ZTSN10__cxxabiv120__si_class_type_infoE
 *fill*         0x1000f085        0x3 
 .rodata._ZTVN10__cxxabiv120__si_class_type_infoE
                0x1000f088       0x2c c:/vsarm/armcc/112202~1.02/bin/../lib/gcc/arm-none-eabi/11.2.1/thumb/v6-m/nofp\libstdc++.a(si_class_type_info.o)
                0x1000f088                _ZTVN10__cxxabiv120__si_class_type_infoE
 .rodata._ZTISt9type_info
                0x1000f0b4        0x8 c:/vsarm/armcc/112202~1.02/bin/../lib/gcc/arm-none-eabi/11.2.1/thumb/v6-m/nofp\libstdc++.a(tinfo.o)
                0x1000f0b4                _ZTISt9type_info
 .rodata._ZTSSt9type_info
                0x1000f0bc        0xd c:/vsarm/armcc/112202~1.02/bin/../lib/gcc/arm-none-eabi/11.2.1/thumb/v6-m/nofp\libstdc++.a(tinfo.o)
                0x1000f0bc                _ZTSSt9type_info
 *fill*         0x1000f0c9        0x3 
 .rodata._ZN9__gnu_cxx27__verbose_terminate_handlerEv.str1.4
                0x1000f0cc       0x94 c:/vsarm/armcc/112202~1.02/bin/../lib/gcc/arm-none-eabi/11.2.1/thumb/v6-m/nofp\libstdc++.a(vterminate.o)
 .rodata._ZNKSt9bad_alloc4whatEv.str1.4
                0x1000f160        0xf c:/vsarm/armcc/112202~1.02/bin/../lib/gcc/arm-none-eabi/11.2.1/thumb/v6-m/nofp\libstdc++.a(bad_alloc.o)
 *fill*         0x1000f16f        0x1 
 .rodata._ZTISt9bad_alloc
                0x1000f170        0xc c:/vsarm/armcc/112202~1.02/bin/../lib/gcc/arm-none-eabi/11.2.1/thumb/v6-m/nofp\libstdc++.a(bad_alloc.o)
                0x1000f170                _ZTISt9bad_alloc
 .rodata._ZTSSt9bad_alloc
                0x1000f17c        0xd c:/vsarm/armcc/112202~1.02/bin/../lib/gcc/arm-none-eabi/11.2.1/thumb/v6-m/nofp\libstdc++.a(bad_alloc.o)
                0x1000f17c                _ZTSSt9bad_alloc
 *fill*         0x1000f189        0x3 
 .rodata._ZTVSt9bad_alloc
                0x1000f18c       0x14 c:/vsarm/armcc/112202~1.02/bin/../lib/gcc/arm-none-eabi/11.2.1/thumb/v6-m/nofp\libstdc++.a(bad_alloc.o)
                0x1000f18c                _ZTVSt9bad_alloc
 .rodata._ZTIN10__cxxabiv117__class_type_infoE
                0x1000f1a0        0xc c:/vsarm/armcc/112202~1.02/bin/../lib/gcc/arm-none-eabi/11.2.1/thumb/v6-m/nofp\libstdc++.a(class_type_info.o)
                0x1000f1a0                _ZTIN10__cxxabiv117__class_type_infoE
 .rodata._ZTSN10__cxxabiv117__class_type_infoE
                0x1000f1ac       0x22 c:/vsarm/armcc/112202~1.02/bin/../lib/gcc/arm-none-eabi/11.2.1/thumb/v6-m/nofp\libstdc++.a(class_type_info.o)